Microchip MPLAB XC8 Compiler V2.40

Linker command line:

-W-3 --edf=/opt/microchip/xc8/v2.40/pic/dat/20220703182018_en.msgs -cn \
  -h+dist/default/production/Proyecto1.X.production.sym \
  --cmf=dist/default/production/Proyecto1.X.production.cmf -z -Q16F886 \
  -o/tmp/xcXmgiEnn --defsym=__MPLAB_BUILD=1 --fixupoverflow=error \
  -Mdist/default/production/Proyecto1.X.production.map \
  --md=/tmp/xcXNojilo.dat -E1 -ver=XC8 Compiler --acfsm=1493 \
  -ACODE=00h-07FFhx4 -ASTRCODE=00h-01FFFh -ASTRING=00h-0FFhx32 \
  -ACONST=00h-0FFhx32 -AENTRY=00h-0FFhx32 -ACOMMON=070h-07Fh \
  -ABANK0=020h-06Fh -ABANK1=0A0h-0EFh -ABANK2=0110h-016Fh \
  -ABANK3=0190h-01EFh -ARAM=020h-06Fh,0A0h-0EFh,0110h-016Fh,0190h-01EFh \
  -AABS1=020h-07Fh,0A0h-0EFh,0110h-016Fh,0190h-01EFh -ASFR0=00h-01Fh \
  -ASFR1=080h-09Fh -ASFR2=0100h-010Fh -ASFR3=0180h-018Fh \
  -ACONFIG=02007h-02008h -DCONFIG=2 -AIDLOC=02000h-02003h -DIDLOC=2 \
  -AEEDATA=00h-0FFh/02100h -peeprom_data=EEDATA -DEEDATA=2 -DCODE=2 \
  -DSTRCODE=2 -DSTRING=2 -DCONST=2 -DENTRY=2 \
  -preset_vec=00h,intentry=04h,init,end_init -ppowerup=CODE -pcinit=CODE \
  -pfunctab=ENTRY -k /tmp/xcXaHNLIc.o \
  dist/default/production/Proyecto1.X.production.o 

Object code version is 3.11

Machine type is 16F886



                Name                               Link     Load   Length Selector   Space Scale
/tmp/xcXaHNLIc.o
                end_init                              C        C        3        8       0
                reset_vec                             0        0        3        0       0
                config                             2007     2007        2        0       4
                idloc                              2000     2000        4        0       5
dist/default/production/Proyecto1.X.production.o
                cinit                                 F        F       2F        8       0
                intentry                              4        4        8        8       0
                config                             2007     2007        2        0       4
                idloc                              2000     2000        4        0       5
                text8                               113      113       58        8       0
                text7                               236      236       17        8       0
                text6                               274      274       11      4C4       0
                text5                               21A      21A       1C        8       0
                text4                               16B      16B       46        8       0
                text3                               1B1      1B1       3C        8       0
                text2                               262      262       12      4C4       0
                text1                                3E       3E       D5        8       0
                maintext                            1ED      1ED       2D        8       0
                cstackBANK0                          20       20       1A       20       1
                cstackCOMMON                         70       70        6       70       1
                dataBANK0                            3E       3E        4       20       1
                bssBANK0                             3A       3A        4       20       1
                dataCOMMON                           79       79        2       70       1
                bssCOMMON                            76       76        3       70       1
                strings                             24D      24D       15      49A       0
                idataBANK0                          285      285        4      4C4       0
                idataCOMMON                         289      289        2      4C4       0

TOTAL           Name                               Link     Load   Length     Space
        CLASS   CODE           
                end_init                              C        C        3         0
                cinit                                 F        F       2F         0
                intentry                              4        4        8         0
                reset_vec                             0        0        3         0
                text8                               113      113       58         0
                text7                               236      236       17         0
                text6                               274      274       11         0
                text5                               21A      21A       1C         0
                text4                               16B      16B       46         0
                text3                               1B1      1B1       3C         0
                text2                               262      262       12         0
                text1                                3E       3E       D5         0
                maintext                            1ED      1ED       2D         0
                idataBANK0                          285      285        4         0
                idataCOMMON                         289      289        2         0

        CLASS   STRCODE        

        CLASS   STRING         
                strings                             24D      24D       15         0

        CLASS   CONST          

        CLASS   ENTRY          

        CLASS   COMMON         
                cstackCOMMON                         70       70        6         1
                dataCOMMON                           79       79        2         1
                bssCOMMON                            76       76        3         1

        CLASS   BANK0          
                cstackBANK0                          20       20       1A         1
                dataBANK0                            3E       3E        4         1
                bssBANK0                             3A       3A        4         1

        CLASS   BANK1          

        CLASS   BANK2          

        CLASS   BANK3          

        CLASS   RAM            

        CLASS   ABS1           
                abs_s1                               7E       7E        2         1

        CLASS   SFR0           

        CLASS   SFR1           

        CLASS   SFR2           

        CLASS   SFR3           

        CLASS   CONFIG         
                config                             2007     2007        2         4

        CLASS   IDLOC          
                idloc                              2000     2000        4         5

        CLASS   EEDATA         

        CLASS   STACK          



SEGMENTS        Name                           Load    Length   Top    Selector   Space  Class     Delta

                strings                        00024D  000015  000262       49A       0  STRING      2
                cstackBANK0                    000020  000022  000042        20       1  BANK0       1
                reset_vec                      000000  000003  000003         0       0  CODE        2
                text2                          000262  000029  00028B       4C4       0  CODE        2
                cstackCOMMON                   000070  00000B  00007B        70       1  COMMON      1
                intentry                       000004  000249  00024D         8       0  CODE        2


UNUSED ADDRESS RANGES

        Name                Unused          Largest block    Delta
        BANK0            0042-006F             2E           1
        BANK1            00A0-00EF             50           1
        BANK2            0110-016F             60           1
        BANK3            0190-01EF             60           1
        CODE             0003-0003              1           2
                         028B-1FFF            800
        COMMON           007B-007D              3           1
        CONST            0003-0003              1           2
                         028B-1FFF            100
        EEDATA           2100-21FF            100           2
        ENTRY            0003-0003              1           2
                         028B-1FFF            100
        RAM              0042-006F             2E           1
                         00A0-00EF             50
                         0110-016F             60
                         0190-01EF             60
        SFR0             0000-001F             20           1
        SFR1             0080-009F             20           1
        SFR2             0100-010F             10           1
        SFR3             0180-018F             10           1
        STRCODE          0003-0003              1           2
                         028B-1FFF           1D75
        STRING           0003-0003              1           2
                         028B-1FFF            100

                                  Symbol Table

?___lwdiv                cstackBANK0  0020
?___lwmod                cstackBANK0  0028
?_printf                 cstackBANK0  002E
_ADCON0bits              (abs)        001F
_ADCON1bits              (abs)        009F
_ADRESH                  (abs)        001E
_ADRESL                  (abs)        009E
_ANSELbits               (abs)        0188
_BAUDCTLbits             (abs)        0187
_INTCONbits              (abs)        000B
_OSCCON                  (abs)        008F
_PIE1bits                (abs)        008C
_PIR1bits                (abs)        000C
_PORTB                   (abs)        0006
_RCSTAbits               (abs)        0018
_SPBRG                   (abs)        0099
_SPBRGH                  (abs)        009A
_T1CONbits               (abs)        0010
_TMR1H                   (abs)        000F
_TMR1L                   (abs)        000E
_TRAT_INT                text8        0113
_TRISA                   (abs)        0085
_TXIF                    (abs)        0064
_TXREG                   (abs)        0019
_TXSTAbits               (abs)        0098
__Habs1                  abs1         0000
__Hbank0                 bank0        0000
__Hbank1                 bank1        0000
__Hbank2                 bank2        0000
__Hbank3                 bank3        0000
__HbssBANK0              bssBANK0     0000
__HbssCOMMON             bssCOMMON    0000
__Hcinit                 cinit        003E
__Hclrtext               clrtext      0000
__Hcode                  code         0000
__Hcommon                common       0000
__Hconfig                config       2009
__HcstackBANK0           cstackBANK0  0000
__HcstackCOMMON          cstackCOMMON 0000
__HdataBANK0             dataBANK0    0000
__HdataCOMMON            dataCOMMON   0000
__Heeprom_data           eeprom_data  0000
__Hend_init              end_init     000F
__Hfunctab               functab      0000
__HidataBANK0            idataBANK0   0000
__HidataCOMMON           idataCOMMON  0000
__Hidloc                 idloc        2004
__Hinit                  init         000C
__Hintentry              intentry     000C
__Hmaintext              maintext     0000
__Hpowerup               powerup      0000
__Hram                   ram          0000
__Hreset_vec             reset_vec    0003
__Hsfr0                  sfr0         0000
__Hsfr1                  sfr1         0000
__Hsfr2                  sfr2         0000
__Hsfr3                  sfr3         0000
__Hspace_0               (abs)        028B
__Hspace_1               (abs)        007B
__Hspace_2               (abs)        0000
__Hspace_3               (abs)        0000
__Hspace_4               (abs)        4010
__Hstack                 stack        0000
__Hstrings               strings      0000
__Htext                  text         0000
__Labs1                  abs1         0000
__Lbank0                 bank0        0000
__Lbank1                 bank1        0000
__Lbank2                 bank2        0000
__Lbank3                 bank3        0000
__LbssBANK0              bssBANK0     0000
__LbssCOMMON             bssCOMMON    0000
__Lcinit                 cinit        000F
__Lclrtext               clrtext      0000
__Lcode                  code         0000
__Lcommon                common       0000
__Lconfig                config       0000
__LcstackBANK0           cstackBANK0  0000
__LcstackCOMMON          cstackCOMMON 0000
__LdataBANK0             dataBANK0    0000
__LdataCOMMON            dataCOMMON   0000
__Leeprom_data           eeprom_data  0000
__Lend_init              end_init     000C
__Lfunctab               functab      0000
__LidataBANK0            idataBANK0   0000
__LidataCOMMON           idataCOMMON  0000
__Lidloc                 idloc        0000
__Linit                  init         000C
__Lintentry              intentry     0004
__Lmaintext              maintext     0000
__Lpowerup               powerup      0000
__Lram                   ram          0000
__Lreset_vec             reset_vec    0000
__Lsfr0                  sfr0         0000
__Lsfr1                  sfr1         0000
__Lsfr2                  sfr2         0000
__Lsfr3                  sfr3         0000
__Lspace_0               (abs)        0000
__Lspace_1               (abs)        0000
__Lspace_2               (abs)        0000
__Lspace_3               (abs)        0000
__Lspace_4               (abs)        0000
__Lstack                 stack        0000
__Lstrings               strings      0000
__Ltext                  text         0000
__S0                     (abs)        028B
__S1                     (abs)        007B
__S3                     (abs)        0000
___int_sp                stack        0000
___latbits               (abs)        0002
___lwdiv                 text4        016B
___lwdiv@counter         cstackBANK0  0025
___lwdiv@dividend        cstackBANK0  0022
___lwdiv@divisor         cstackBANK0  0020
___lwdiv@quotient        cstackBANK0  0026
___lwmod                 text3        01B1
___lwmod@counter         cstackBANK0  002D
___lwmod@dividend        cstackBANK0  002A
___lwmod@divisor         cstackBANK0  0028
___sp                    stack        0000
___stackhi               (abs)        0000
___stacklo               (abs)        0000
__end_of_TRAT_INT        text8        016B
__end_of___lwdiv         text4        01B1
__end_of___lwmod         text3        01ED
__end_of__initialization cinit        003A
__end_of__stringtab      strings      0253
__end_of_dpowers         strings      025D
__end_of_init_ADC        text7        024D
__end_of_init_TMR1       text6        0285
__end_of_init_uart       text5        0236
__end_of_main            maintext     021A
__end_of_printf          text1        0113
__end_of_putch           text2        0274
__initialization         cinit        000F
__pbssBANK0              bssBANK0     003A
__pbssCOMMON             bssCOMMON    0076
__pcstackBANK0           cstackBANK0  0020
__pcstackCOMMON          cstackCOMMON 0070
__pdataBANK0             dataBANK0    003E
__pdataCOMMON            dataCOMMON   0079
__pidataBANK0            idataBANK0   0285
__pidataCOMMON           idataCOMMON  0289
__pintentry              intentry     0004
__pmaintext              maintext     01ED
__pstrings               strings      024D
__ptext1                 text1        003E
__ptext2                 text2        0262
__ptext3                 text3        01B1
__ptext4                 text4        016B
__ptext5                 text5        021A
__ptext6                 text6        0274
__ptext7                 text7        0236
__ptext8                 text8        0113
__stringbase             strings      0252
__stringtab              strings      024D
_continuar               bssBANK0     003C
_copias                  bssCOMMON    0076
_dpowers                 strings      0253
_eltimer1H               dataCOMMON   007A
_eltimer1L               dataCOMMON   0079
_init_ADC                text7        0236
_init_TMR1               text6        0274
_init_uart               text5        021A
_los5msen1s              dataBANK0    003E
_main                    maintext     01ED
_printf                  text1        003E
_putch                   text2        0262
_valor                   bssBANK0     003A
btemp                    (abs)        007E
end_of_initialization    cinit        003A
interrupt_function       intentry     0004
intlevel0                functab      0000
intlevel1                functab      0000
intlevel2                functab      0000
intlevel3                functab      0000
intlevel4                functab      0000
intlevel5                functab      0000
printf@ap                cstackBANK0  0033
printf@c                 cstackBANK0  0039
printf@f                 cstackBANK0  0035
printf@flag              cstackBANK0  0034
printf@prec              cstackBANK0  0036
printf@val               cstackBANK0  0037
putch@c                  cstackBANK0  0020
reset_vec                reset_vec    0000
saved_w                  (abs)        007E
start                    init         000C
start_initialization     cinit        000F
wtemp0                   (abs)        007E


MODULE INFORMATION

Module		Function		Class		Link	Load	Size
/opt/microchip/xc8/v2.40/pic/sources/c90/common/lwdiv.c
		___lwdiv       		CODE           	016B	0000	70

/opt/microchip/xc8/v2.40/pic/sources/c90/common/lwdiv.c estimated size: 70

adc-1.c
		_putch         		CODE           	0262	0000	18
		_init_TMR1     		CODE           	0274	0000	17
		_main          		CODE           	01ED	0000	45
		_init_uart     		CODE           	021A	0000	28
		_init_ADC      		CODE           	0236	0000	23
		_TRAT_INT      		CODE           	0113	0000	88

adc-1.c estimated size: 219

shared
		__stringtab    		STRING         	024D	0000	6
		_dpowers       		STRING         	0253	0000	10
		__initialization		CODE           	000F	0000	43

shared estimated size: 59

/opt/microchip/xc8/v2.40/pic/sources/c90/common/doprnt.c
		_printf        		CODE           	003E	0000	213

/opt/microchip/xc8/v2.40/pic/sources/c90/common/doprnt.c estimated size: 213

/opt/microchip/xc8/v2.40/pic/sources/c90/common/lwmod.c
		___lwmod       		CODE           	01B1	0000	60

/opt/microchip/xc8/v2.40/pic/sources/c90/common/lwmod.c estimated size: 60

