Microchip MPLAB XC8 Compiler V2.40

Linker command line:

-W-3 --edf=/opt/microchip/xc8/v2.40/pic/dat/20220703182018_en.msgs -cn \
  -h+dist/default/production/Proyecto1.X.production.sym \
  --cmf=dist/default/production/Proyecto1.X.production.cmf -z -Q16F886 \
  -o/tmp/xcXclMHlJ --defsym=__MPLAB_BUILD=1 --fixupoverflow=error \
  -Mdist/default/production/Proyecto1.X.production.map \
  --md=/tmp/xcXejfdAl.dat -E1 -ver=XC8 Compiler --acfsm=1493 \
  -ACODE=00h-07FFhx4 -ASTRCODE=00h-01FFFh -ASTRING=00h-0FFhx32 \
  -ACONST=00h-0FFhx32 -AENTRY=00h-0FFhx32 -ACOMMON=070h-07Fh \
  -ABANK0=020h-06Fh -ABANK1=0A0h-0EFh -ABANK2=0110h-016Fh \
  -ABANK3=0190h-01EFh -ARAM=020h-06Fh,0A0h-0EFh,0110h-016Fh,0190h-01EFh \
  -AABS1=020h-07Fh,0A0h-0EFh,0110h-016Fh,0190h-01EFh -ASFR0=00h-01Fh \
  -ASFR1=080h-09Fh -ASFR2=0100h-010Fh -ASFR3=0180h-018Fh \
  -ACONFIG=02007h-02008h -DCONFIG=2 -AIDLOC=02000h-02003h -DIDLOC=2 \
  -AEEDATA=00h-0FFh/02100h -peeprom_data=EEDATA -DEEDATA=2 -DCODE=2 \
  -DSTRCODE=2 -DSTRING=2 -DCONST=2 -DENTRY=2 \
  -preset_vec=00h,intentry=04h,init,end_init -ppowerup=CODE -pcinit=CODE \
  -pfunctab=ENTRY -k /tmp/xcXHpAljC.o \
  dist/default/production/Proyecto1.X.production.o 

Object code version is 3.11

Machine type is 16F886



                Name                               Link     Load   Length Selector   Space Scale
/tmp/xcXHpAljC.o
                end_init                             12       12        3        8       0
                reset_vec                             0        0        3        0       0
                config                             2007     2007        2        0       4
                idloc                              2000     2000        4        0       5
dist/default/production/Proyecto1.X.production.o
                cinit                                15       15       3D        8       0
                intentry                              4        4        E        8       0
                config                             2007     2007        2        0       4
                idloc                              2000     2000        4        0       5
                text48                              B51      B51       44     16A2       0
                text47                              A25      A25       3A     144A       0
                text46                              879      879       11     10F2       0
                text45                              5B0      5B0       FA      928       0
                text44                              9F1      9F1       34     13E2       0
                text43                              75C      75C       9E      928       0
                text42                              8F7      8F7       16     11EE       0
                text41                              D12      D12       65     1A24       0
                text40                              DDE      DDE       69     1BBC       0
                text39                              D77      D77       67     1AEE       0
                text38                              8E2      8E2       15     11C4       0
                text37                              9C4      9C4       2D     1388       0
                text36                               52       52      1E0        8       0
                text35                              80C      80C        7     1018       0
                text34                              813      813        7     1026       0
                text33                              81A      81A        8     1034       0
                text32                              9A3      9A3       21     1346       0
                text31                              82A      82A        9     1054       0
                text30                              869      869       10     10D2       0
                text29                              B95      B95       44     172A       0
                text28                              B12      B12       3F     1624       0
                text27                              C1F      C1F       4F     183E       0
                text26                              C6E      C6E       4F     18DC       0
                text25                              833      833        9     1066       0
                text24                              96B      96B       1C     12D6       0
                text23                              987      987       1C     130E       0
                text22                              BD9      BD9       46     17B2       0
                text21                              A9A      A9A       3C     1534       0
                text20                              90D      90D       16     121A       0
                text19                              494      494      11C      928       0
                text18                              AD6      AD6       3C     15AC       0
                text17                              232      232       B0        8       0
                text16                              F8B      F8B       75     1F16       0
                text15                              F1C      F1C       6F     1E38       0
                text14                              E47      E47       69     1C8E       0
                text13                              923      923       17     1246       0
                text12                              A5F      A5F       3B     14BE       0
                text11                              CBD      CBD       55     197A       0
                text10                              952      952       19     12A4       0
                text9                               88A      88A       11     1114       0
                text8                               93A      93A       18     1274       0
                text7                               7FA      7FA        4      928       0
                text6                               850      850        C     10A0       0
                text5                               89B      89B       11     1136       0
                text4                               8BD      8BD       12     117A       0
                text3                               83C      83C        A     1078       0
                text2                               2E2      2E2       1C        8       0
                text1                               EB0      EB0       6C     1D60       0
                maintext                            6AA      6AA       B2      928       0
                cstackBANK0                          20       20       1F       20       1
                cstackCOMMON                         70       70        E       70       1
                cstackBANK1                          A0       A0       2B       A0       1
                cstackBANK3                         19A      19A        9      190       1
                clrtext                             822      822        8     1044       0
                inittext                            8CF      8CF       13     119E       0
                dataBANK3                           190      190        A      190       1
                dataBANK1                            DF       DF       11       A0       1
                bssBANK1                             CB       CB       14       A0       1
                dataBANK0                            50       50        D       20       1
                bssBANK0                             3F       3F       11       20       1
                stringtext                          300      300      194        6       0
                idataBANK3                          846      846        A     108C       0
                idataBANK1                          8AC      8AC       11     1158       0
                idataBANK0                          85C      85C        D     10B8       0

TOTAL           Name                               Link     Load   Length     Space
        CLASS   CODE           
                end_init                             12       12        3         0
                cinit                                15       15       3D         0
                intentry                              4        4        E         0
                reset_vec                             0        0        3         0
                text48                              B51      B51       44         0
                text47                              A25      A25       3A         0
                text46                              879      879       11         0
                text45                              5B0      5B0       FA         0
                text44                              9F1      9F1       34         0
                text43                              75C      75C       9E         0
                text42                              8F7      8F7       16         0
                text41                              D12      D12       65         0
                text40                              DDE      DDE       69         0
                text39                              D77      D77       67         0
                text38                              8E2      8E2       15         0
                text37                              9C4      9C4       2D         0
                text36                               52       52      1E0         0
                text35                              80C      80C        7         0
                text34                              813      813        7         0
                text33                              81A      81A        8         0
                text32                              9A3      9A3       21         0
                text31                              82A      82A        9         0
                text30                              869      869       10         0
                text29                              B95      B95       44         0
                text28                              B12      B12       3F         0
                text27                              C1F      C1F       4F         0
                text26                              C6E      C6E       4F         0
                text25                              833      833        9         0
                text24                              96B      96B       1C         0
                text23                              987      987       1C         0
                text22                              BD9      BD9       46         0
                text21                              A9A      A9A       3C         0
                text20                              90D      90D       16         0
                text19                              494      494      11C         0
                text18                              AD6      AD6       3C         0
                text17                              232      232       B0         0
                text16                              F8B      F8B       75         0
                text15                              F1C      F1C       6F         0
                text14                              E47      E47       69         0
                text13                              923      923       17         0
                text12                              A5F      A5F       3B         0
                text11                              CBD      CBD       55         0
                text10                              952      952       19         0
                text9                               88A      88A       11         0
                text8                               93A      93A       18         0
                text7                               7FA      7FA        4         0
                text6                               850      850        C         0
                text5                               89B      89B       11         0
                text4                               8BD      8BD       12         0
                text3                               83C      83C        A         0
                text2                               2E2      2E2       1C         0
                text1                               EB0      EB0       6C         0
                maintext                            6AA      6AA       B2         0
                clrtext                             822      822        8         0
                inittext                            8CF      8CF       13         0
                idataBANK3                          846      846        A         0
                idataBANK1                          8AC      8AC       11         0
                idataBANK0                          85C      85C        D         0

        CLASS   STRCODE        
                stringtext                          300      300      194         0

        CLASS   STRING         

        CLASS   CONST          

        CLASS   ENTRY          

        CLASS   COMMON         
                cstackCOMMON                         70       70        E         1

        CLASS   BANK0          
                cstackBANK0                          20       20       1F         1
                dataBANK0                            50       50        D         1
                bssBANK0                             3F       3F       11         1

        CLASS   BANK1          
                cstackBANK1                          A0       A0       2B         1
                dataBANK1                            DF       DF       11         1
                bssBANK1                             CB       CB       14         1

        CLASS   BANK2          

        CLASS   BANK3          
                cstackBANK3                         19A      19A        9         1
                dataBANK3                           190      190        A         1

        CLASS   RAM            

        CLASS   ABS1           
                abs_s1                               7E       7E        2         1

        CLASS   SFR0           

        CLASS   SFR1           

        CLASS   SFR2           

        CLASS   SFR3           

        CLASS   CONFIG         
                config                             2007     2007        2         4

        CLASS   IDLOC          
                idloc                              2000     2000        4         5

        CLASS   EEDATA         

        CLASS   STACK          



SEGMENTS        Name                           Load    Length   Top    Selector   Space  Class     Delta

                text10                         000952  000019  00096B      12A4       0  CODE        2
                text8                          00093A  000018  000952      1274       0  CODE        2
                text23                         000987  00001C  0009A3      130E       0  CODE        2
                text24                         00096B  00001C  000987      12D6       0  CODE        2
                text42                         0008F7  000016  00090D      11EE       0  CODE        2
                text38                         0008E2  000015  0008F7      11C4       0  CODE        2
                text13                         000923  000017  00093A      1246       0  CODE        2
                text20                         00090D  000016  000923      121A       0  CODE        2
                text32                         0009A3  000021  0009C4      1346       0  CODE        2
                text18                         000AD6  00003C  000B12      15AC       0  CODE        2
                text21                         000A9A  00003C  000AD6      1534       0  CODE        2
                text48                         000B51  000044  000B95      16A2       0  CODE        2
                text28                         000B12  00003F  000B51      1624       0  CODE        2
                text44                         0009F1  000034  000A25      13E2       0  CODE        2
                text37                         0009C4  00002D  0009F1      1388       0  CODE        2
                text12                         000A5F  00003B  000A9A      14BE       0  CODE        2
                text47                         000A25  00003A  000A5F      144A       0  CODE        2
                text25                         000833  000009  00083C      1066       0  CODE        2
                text31                         00082A  000009  000833      1054       0  CODE        2
                idataBANK3                     000846  00000A  000850      108C       0  CODE        2
                text3                          00083C  00000A  000846      1078       0  CODE        2
                text34                         000813  000007  00081A      1026       0  CODE        2
                text35                         00080C  000007  000813      1018       0  CODE        2
                clrtext                        000822  000008  00082A      1044       0  CODE        2
                text33                         00081A  000008  000822      1034       0  CODE        2
                text6                          000850  00000C  00085C      10A0       0  CODE        2
                idataBANK1                     0008AC  000011  0008BD      1158       0  CODE        2
                text5                          00089B  000011  0008AC      1136       0  CODE        2
                inittext                       0008CF  000013  0008E2      119E       0  CODE        2
                text4                          0008BD  000012  0008CF      117A       0  CODE        2
                text30                         000869  000010  000879      10D2       0  CODE        2
                idataBANK0                     00085C  00000D  000869      10B8       0  CODE        2
                text9                          00088A  000011  00089B      1114       0  CODE        2
                text46                         000879  000011  00088A      10F2       0  CODE        2
                cstackBANK0                    000020  00003D  00005D        20       1  BANK0       1
                cstackBANK1                    0000A0  000050  0000F0        A0       1  BANK1       1
                reset_vec                      000000  000003  000003         0       0  CODE        2
                dataBANK3                      000190  000013  0001A3       190       1  BANK3       1
                intentry                       000004  0002FA  0002FE         8       0  CODE        2
                cstackCOMMON                   000070  00000E  00007E        70       1  COMMON      1
                text41                         000D12  000065  000D77      1A24       0  CODE        2
                text11                         000CBD  000055  000D12      197A       0  CODE        2
                text40                         000DDE  000069  000E47      1BBC       0  CODE        2
                text39                         000D77  000067  000DDE      1AEE       0  CODE        2
                text22                         000BD9  000046  000C1F      17B2       0  CODE        2
                text29                         000B95  000044  000BD9      172A       0  CODE        2
                text26                         000C6E  00004F  000CBD      18DC       0  CODE        2
                text27                         000C1F  00004F  000C6E      183E       0  CODE        2
                text14                         000E47  000069  000EB0      1C8E       0  CODE        2
                stringtext                     000300  000194  000494         6       0  STRCODE     2
                text15                         000F1C  00006F  000F8B      1E38       0  CODE        2
                text1                          000EB0  00006C  000F1C      1D60       0  CODE        2
                text19                         000494  00036A  0007FE       928       0  CODE        2
                text16                         000F8B  000075  001000      1F16       0  CODE        2


UNUSED ADDRESS RANGES

        Name                Unused          Largest block    Delta
        BANK0            005D-006F             13           1
        BANK2            0110-016F             60           1
        BANK3            01A3-01EF             4D           1
        CODE             0003-0003              1           2
                         02FE-02FF              2
                         07FE-080B              2
                         1000-1FFF            800
        CONST            0003-0003              1           2
                         02FE-02FF              2
                         07FE-080B              2
                         1000-1FFF            100
        EEDATA           2100-21FF            100           2
        ENTRY            0003-0003              1           2
                         02FE-02FF              2
                         07FE-080B              2
                         1000-1FFF            100
        RAM              005D-006F             13           1
                         0110-016F             60
                         01A3-01EF             4D
        SFR0             0000-001F             20           1
        SFR1             0080-009F             20           1
        SFR2             0100-010F             10           1
        SFR3             0180-018F             10           1
        STRCODE          0003-0003              1           2
                         02FE-02FF              2
                         07FE-080B              E
                         1000-1FFF           1000
        STRING           0003-0003              1           2
                         02FE-02FF              2
                         07FE-080B              2
                         1000-1FFF            100

                                  Symbol Table

?___awdiv                           cstackBANK1  00A0
?___lwdiv                           cstackBANK1  00A0
?___lwmod                           cstackBANK1  00A8
?_getCO2                            cstackBANK1  00A0
?_getLumen                          cstackBANK1  00A0
?_printf                            cstackBANK1  00AE
?i1___awdiv                         cstackCOMMON 0070
?i1___lwdiv                         cstackCOMMON 0070
?i1___lwmod                         cstackCOMMON 0078
?i1_printf                          cstackBANK0  0020
_ADCON0bits                         (abs)        001F
_ADCON1bits                         (abs)        009F
_ADRESH                             (abs)        001E
_ADRESL                             (abs)        009E
_ANSEL                              (abs)        0188
_ANSELbits                          (abs)        0188
_BAUDCTLbits                        (abs)        0187
_CCP1CONbits                        (abs)        0017
_CCPR1L                             (abs)        0015
_EEADR                              (abs)        010D
_EEADRH                             (abs)        010F
_EECON1bits                         (abs)        018C
_EECON2                             (abs)        018D
_EEDAT                              (abs)        010C
_EEDATH                             (abs)        010E
_INTCONbits                         (abs)        000B
_OPTION_REGbits                     (abs)        0081
_OSCCON                             (abs)        008F
_PIE1bits                           (abs)        008C
_PIE2bits                           (abs)        008D
_PIR1bits                           (abs)        000C
_PIR2bits                           (abs)        000D
_PORTAbits                          (abs)        0005
_PORTCbits                          (abs)        0007
_PR2                                (abs)        0092
_RCREG                              (abs)        001A
_RCSTAbits                          (abs)        0018
_SPBRG                              (abs)        0099
_SPBRGH                             (abs)        009A
_SSPADD                             (abs)        0093
_SSPBUF                             (abs)        0013
_SSPCON2bits                        (abs)        0091
_SSPCONbits                         (abs)        0014
_T1CONbits                          (abs)        0010
_T2CONbits                          (abs)        0012
_TMR0                               (abs)        0001
_TMR1H                              (abs)        000F
_TMR1L                              (abs)        000E
_TRAT_INT                           text36       0052
_TRISA                              (abs)        0085
_TRISB                              (abs)        0086
_TRISC                              (abs)        0087
_TRISCbits                          (abs)        0087
_TXIF                               (abs)        0064
_TXREG                              (abs)        0019
_TXSTAbits                          (abs)        0098
__Habs1                             abs1         0000
__Hbank0                            bank0        0000
__Hbank1                            bank1        0000
__Hbank2                            bank2        0000
__Hbank3                            bank3        0000
__HbssBANK0                         bssBANK0     0000
__HbssBANK1                         bssBANK1     0000
__Hcinit                            cinit        0052
__Hclrtext                          clrtext      0000
__Hcode                             code         0000
__Hcommon                           common       0000
__Hconfig                           config       2009
__HcstackBANK0                      cstackBANK0  0000
__HcstackBANK1                      cstackBANK1  0000
__HcstackBANK3                      cstackBANK3  0000
__HcstackCOMMON                     cstackCOMMON 0000
__HdataBANK0                        dataBANK0    0000
__HdataBANK1                        dataBANK1    0000
__HdataBANK3                        dataBANK3    0000
__Heeprom_data                      eeprom_data  0000
__Hend_init                         end_init     0015
__Hfunctab                          functab      0000
__HidataBANK0                       idataBANK0   0000
__HidataBANK1                       idataBANK1   0000
__HidataBANK3                       idataBANK3   0000
__Hidloc                            idloc        2004
__Hinit                             init         0012
__Hinittext                         inittext     0000
__Hintentry                         intentry     0012
__Hmaintext                         maintext     0000
__Hpowerup                          powerup      0000
__Hram                              ram          0000
__Hreset_vec                        reset_vec    0003
__Hsfr0                             sfr0         0000
__Hsfr1                             sfr1         0000
__Hsfr2                             sfr2         0000
__Hsfr3                             sfr3         0000
__Hspace_0                          (abs)        1000
__Hspace_1                          (abs)        01A3
__Hspace_2                          (abs)        0000
__Hspace_3                          (abs)        0000
__Hspace_4                          (abs)        4010
__Hstack                            stack        0000
__Hstrings                          strings      0000
__Hstringtext                       stringtext   0000
__Htext                             text         0000
__Labs1                             abs1         0000
__Lbank0                            bank0        0000
__Lbank1                            bank1        0000
__Lbank2                            bank2        0000
__Lbank3                            bank3        0000
__LbssBANK0                         bssBANK0     0000
__LbssBANK1                         bssBANK1     0000
__Lcinit                            cinit        0015
__Lclrtext                          clrtext      0000
__Lcode                             code         0000
__Lcommon                           common       0000
__Lconfig                           config       0000
__LcstackBANK0                      cstackBANK0  0000
__LcstackBANK1                      cstackBANK1  0000
__LcstackBANK3                      cstackBANK3  0000
__LcstackCOMMON                     cstackCOMMON 0000
__LdataBANK0                        dataBANK0    0000
__LdataBANK1                        dataBANK1    0000
__LdataBANK3                        dataBANK3    0000
__Leeprom_data                      eeprom_data  0000
__Lend_init                         end_init     0012
__Lfunctab                          functab      0000
__LidataBANK0                       idataBANK0   0000
__LidataBANK1                       idataBANK1   0000
__LidataBANK3                       idataBANK3   0000
__Lidloc                            idloc        0000
__Linit                             init         0012
__Linittext                         inittext     0000
__Lintentry                         intentry     0004
__Lmaintext                         maintext     0000
__Lpowerup                          powerup      0000
__Lram                              ram          0000
__Lreset_vec                        reset_vec    0000
__Lsfr0                             sfr0         0000
__Lsfr1                             sfr1         0000
__Lsfr2                             sfr2         0000
__Lsfr3                             sfr3         0000
__Lspace_0                          (abs)        0000
__Lspace_1                          (abs)        0000
__Lspace_2                          (abs)        0000
__Lspace_3                          (abs)        0000
__Lspace_4                          (abs)        0000
__Lstack                            stack        0000
__Lstrings                          strings      0000
__Lstringtext                       stringtext   0000
__Ltext                             text         0000
__S0                                (abs)        1000
__S1                                (abs)        01A3
__S3                                (abs)        0000
___awdiv                            text14       0E47
___awdiv@counter                    cstackBANK1  00A5
___awdiv@dividend                   cstackBANK1  00A2
___awdiv@divisor                    cstackBANK1  00A0
___awdiv@quotient                   cstackBANK1  00A7
___awdiv@sign                       cstackBANK1  00A6
___bmul                             text13       0923
___bmul@multiplicand                cstackBANK1  00A0
___bmul@multiplier                  cstackBANK1  00A3
___bmul@product                     cstackBANK1  00A2
___int_sp                           stack        0000
___latbits                          (abs)        0002
___lwdiv                            text22       0BD9
___lwdiv@counter                    cstackBANK1  00A5
___lwdiv@dividend                   cstackBANK1  00A2
___lwdiv@divisor                    cstackBANK1  00A0
___lwdiv@quotient                   cstackBANK1  00A6
___lwmod                            text21       0A9A
___lwmod@counter                    cstackBANK1  00AD
___lwmod@dividend                   cstackBANK1  00AA
___lwmod@divisor                    cstackBANK1  00A8
___sp                               stack        0000
___stackhi                          (abs)        0000
___stacklo                          (abs)        0000
__end_of_TRAT_INT                   text36       0232
__end_of___awdiv                    text14       0EB0
__end_of___bmul                     text13       093A
__end_of___lwdiv                    text22       0C1F
__end_of___lwmod                    text21       0AD6
__end_of__initialization            cinit        004E
__end_of__stringtab                 stringtext   0312
__end_of_analisisResto              text27       0C6E
__end_of_analisisRuido              text26       0CBD
__end_of_cosasSPI                   text17       02E2
__end_of_dpowers                    stringtext   031C
__end_of_escribirMemoria            text16       1000
__end_of_getCO2                     text35       0813
__end_of_getLumen                   text34       081A
__end_of_getnoPrimerArranque        text23       09A3
__end_of_i2c_read                   text32       09C4
__end_of_i2c_rstart                 text31       0833
__end_of_i2c_stop                   text25       083C
__end_of_i2c_write                  text30       0879
__end_of_initActuadoresSegunMemoria text11       0D12
__end_of_initYo                     text1        0F1C
__end_of_init_ADC                   text10       096B
__end_of_init_CCP1_PWM              text9        089B
__end_of_init_I2C                   text8        0952
__end_of_init_SPI                   text7        07FE
__end_of_init_TMR0                  text6        085C
__end_of_init_TMR1                  text5        08AC
__end_of_init_TMR2                  text4        08CF
__end_of_init_memoria               text3        0846
__end_of_init_uart                  text2        02FE
__end_of_leerMemoria                text24       0987
__end_of_main                       maintext     075C
__end_of_printf                     text19       05B0
__end_of_putch                      text20       0923
__end_of_setCO2                     text29       0BD9
__end_of_setLED                     text15       0F8B
__end_of_setLumen                   text28       0B51
__end_of_setPWM                     text12       0A9A
__end_of_spi_write_read             text18       0B12
__end_of_wait_MSSP                  text33       0822
__end_ofi1___awdiv                  text39       0DDE
__end_ofi1___bmul                   text38       08F7
__end_ofi1___lwdiv                  text48       0B95
__end_ofi1___lwmod                  text47       0A5F
__end_ofi1_cosasSPI                 text43       07FA
__end_ofi1_escribirMemoria          text41       0D77
__end_ofi1_leerMemoria              text42       090D
__end_ofi1_printf                   text45       06AA
__end_ofi1_putch                    text46       088A
__end_ofi1_setLED                   text40       0E47
__end_ofi1_setPWM                   text37       09F1
__end_ofi1_spi_write_read           text44       0A25
__initialization                    cinit        0015
__pbssBANK0                         bssBANK0     003F
__pbssBANK1                         bssBANK1     00CB
__pcstackBANK0                      cstackBANK0  0020
__pcstackBANK1                      cstackBANK1  00A0
__pcstackBANK3                      cstackBANK3  019A
__pcstackCOMMON                     cstackCOMMON 0070
__pdataBANK0                        dataBANK0    0050
__pdataBANK1                        dataBANK1    00DF
__pdataBANK3                        dataBANK3    0190
__pidataBANK0                       idataBANK0   085C
__pidataBANK1                       idataBANK1   08AC
__pidataBANK3                       idataBANK3   0846
__pintentry                         intentry     0004
__pmaintext                         maintext     06AA
__pstringtext                       stringtext   0300
__ptext1                            text1        0EB0
__ptext10                           text10       0952
__ptext11                           text11       0CBD
__ptext12                           text12       0A5F
__ptext13                           text13       0923
__ptext14                           text14       0E47
__ptext15                           text15       0F1C
__ptext16                           text16       0F8B
__ptext17                           text17       0232
__ptext18                           text18       0AD6
__ptext19                           text19       0494
__ptext2                            text2        02E2
__ptext20                           text20       090D
__ptext21                           text21       0A9A
__ptext22                           text22       0BD9
__ptext23                           text23       0987
__ptext24                           text24       096B
__ptext25                           text25       0833
__ptext26                           text26       0C6E
__ptext27                           text27       0C1F
__ptext28                           text28       0B12
__ptext29                           text29       0B95
__ptext3                            text3        083C
__ptext30                           text30       0869
__ptext31                           text31       082A
__ptext32                           text32       09A3
__ptext33                           text33       081A
__ptext34                           text34       0813
__ptext35                           text35       080C
__ptext36                           text36       0052
__ptext37                           text37       09C4
__ptext38                           text38       08E2
__ptext39                           text39       0D77
__ptext4                            text4        08BD
__ptext40                           text40       0DDE
__ptext41                           text41       0D12
__ptext42                           text42       08F7
__ptext43                           text43       075C
__ptext44                           text44       09F1
__ptext45                           text45       05B0
__ptext46                           text46       0879
__ptext47                           text47       0A25
__ptext48                           text48       0B51
__ptext5                            text5        089B
__ptext6                            text6        0850
__ptext7                            text7        07FA
__ptext8                            text8        093A
__ptext9                            text9        088A
__stringbase                        stringtext   0312
__stringtab                         stringtext   0300
_actualizoLecturas                  bssBANK0     0041
_anI                                dataBANK0    0054
_analisisResto                      text27       0C1F
_analisisRuido                      text26       0C6E
_continuoEscribiendo                bssBANK0     0049
_copias                             bssBANK1     00D7
_copias1                            bssBANK0     003F
_copias5s                           bssBANK1     00D5
_cosasSPI                           text17       0232
_deboContinuar                      dataBANK1    00E9
_direccionLED                       dataBANK1    00EB
_direccionPWM                       dataBANK0    005A
_dpowers                            stringtext   0312
_eltimer1H                          dataBANK0    005C
_eltimer1L                          dataBANK0    005B
_emitirMisSensores                  bssBANK1     00DB
_emitoSensores                      dataBANK3    0190
_escribirMemoria                    text16       0F8B
_getCO2                             text35       080C
_getLumen                           text34       0813
_getnoPrimerArranque                text23       0987
_i2c_read                           text32       09A3
_i2c_rstart                         text31       082A
_i2c_stop                           text25       0833
_i2c_write                          text30       0869
_initActuadoresSegunMemoria         text11       0CBD
_initYo                             text1        0EB0
_init_ADC                           text10       0952
_init_CCP1_PWM                      text9        088A
_init_I2C                           text8        093A
_init_SPI                           text7        07FA
_init_TMR0                          text6        0850
_init_TMR1                          text5        089B
_init_TMR2                          text4        08BD
_init_memoria                       text3        083C
_init_uart                          text2        02E2
_leerMemoria                        text24       096B
_leoADCHumedadTemp                  dataBANK0    0052
_los5msen15ms                       dataBANK0    0050
_los5msen1sT0                       dataBANK1    00DF
_main                               maintext     06AA
_miLED                              dataBANK1    00EC
_numLedes                           dataBANK1    00E1
_pPWM                               bssBANK0     004E
_porcentaje                         bssBANK0     004C
_porcentajeMax                      dataBANK0    0059
_printf                             text19       0494
_putch                              text20       090D
_reciboLED                          bssBANK0     0047
_reciboPWM                          bssBANK0     0045
_ruidoMasAlto                       bssBANK0     0043
_setCO2                             text29       0B95
_setLED                             text15       0F1C
_setLumen                           text28       0B12
_setPWM                             text12       0A5F
_spi_write_read                     text18       0AD6
_valor                              bssBANK1     00CB
_valorI2C                           bssBANK1     00D1
_wait_MSSP                          text33       081A
analisisRuido@temp                  cstackBANK1  00A2
btemp                               (abs)        007E
clear_ram0                          clrtext      0822
cosasSPI@azu                        cstackBANK1  00C7
cosasSPI@i                          cstackBANK3  019C
cosasSPI@lumi                       cstackBANK1  00C8
cosasSPI@lumo                       cstackBANK3  019B
cosasSPI@roj                        cstackBANK3  019A
cosasSPI@verd                       cstackBANK1  00C6
end_of_initialization               cinit        004E
escribirMemoria@confirmado          cstackBANK1  00A2
escribirMemoria@contador            cstackBANK1  00A5
escribirMemoria@dato                cstackBANK1  00A1
escribirMemoria@direccion           cstackBANK1  00A4
getnoPrimerArranque@aux             cstackBANK1  00A1
i1___awdiv                          text39       0D77
i1___awdiv@counter                  cstackCOMMON 0075
i1___awdiv@dividend                 cstackCOMMON 0072
i1___awdiv@divisor                  cstackCOMMON 0070
i1___awdiv@quotient                 cstackCOMMON 0077
i1___awdiv@sign                     cstackCOMMON 0076
i1___bmul                           text38       08E2
i1___bmul@multiplicand              cstackCOMMON 0070
i1___bmul@multiplier                cstackCOMMON 0073
i1___bmul@product                   cstackCOMMON 0072
i1___lwdiv                          text48       0B51
i1___lwdiv@counter                  cstackCOMMON 0077
i1___lwdiv@dividend                 cstackCOMMON 0072
i1___lwdiv@divisor                  cstackCOMMON 0070
i1___lwdiv@quotient                 cstackCOMMON 0075
i1___lwmod                          text47       0A25
i1___lwmod@counter                  cstackCOMMON 007D
i1___lwmod@dividend                 cstackCOMMON 007A
i1___lwmod@divisor                  cstackCOMMON 0078
i1_cosasSPI                         text43       075C
i1_escribirMemoria                  text41       0D12
i1_leerMemoria                      text42       08F7
i1_printf                           text45       05B0
i1_putch                            text46       0879
i1_setLED                           text40       0DDE
i1_setPWM                           text37       09C4
i1_spi_write_read                   text44       09F1
i1cosasSPI@azu                      cstackBANK0  002F
i1cosasSPI@i                        cstackBANK0  0033
i1cosasSPI@lumi                     cstackBANK0  0030
i1cosasSPI@lumo                     cstackBANK0  0032
i1cosasSPI@roj                      cstackBANK0  0031
i1cosasSPI@verd                     cstackBANK0  002E
i1escribirMemoria@confirmado        cstackCOMMON 0072
i1escribirMemoria@contador          cstackCOMMON 0075
i1escribirMemoria@dato              cstackCOMMON 0071
i1escribirMemoria@direccion         cstackCOMMON 0074
i1leerMemoria@direccion             cstackCOMMON 0070
i1printf@ap                         cstackBANK0  002A
i1printf@c                          cstackBANK0  002D
i1printf@f                          cstackBANK0  0020
i1printf@flag                       cstackBANK0  0028
i1printf@prec                       cstackBANK0  0029
i1printf@val                        cstackBANK0  002B
i1putch@c                           cstackCOMMON 0070
i1setLED@blue                       cstackBANK0  0036
i1setLED@green                      cstackBANK0  0035
i1setLED@luminosidad                cstackBANK0  0037
i1setLED@red                        cstackBANK0  0038
i1setPWM@porcent                    cstackCOMMON 007B
i1spi_write_read@answer             cstackCOMMON 0073
i1spi_write_read@one_byte           cstackCOMMON 0072
i1spi_write_read@x                  cstackCOMMON 0074
i2c_read@I2C_data                   cstackBANK1  00A1
i2c_read@master_ack                 cstackBANK1  00A0
i2c_write@I2C_data                  cstackBANK1  00A0
init_fetch0                         inittext     08CF
init_ram0                           inittext     08D3
interrupt_function                  intentry     0004
intlevel0                           functab      0000
intlevel1                           functab      0000
intlevel2                           functab      0000
intlevel3                           functab      0000
intlevel4                           functab      0000
intlevel5                           functab      0000
leerMemoria@direccion               cstackBANK1  00A0
main@ruidoAux                       cstackBANK1  00CA
printf@ap                           cstackBANK1  00C2
printf@c                            cstackBANK1  00C5
printf@f                            cstackBANK1  00AE
printf@flag                         cstackBANK1  00C0
printf@prec                         cstackBANK1  00C1
printf@val                          cstackBANK1  00C3
putch@c                             cstackBANK1  00A0
reset_vec                           reset_vec    0000
saved_w                             (abs)        007E
setLED@blue                         cstackBANK3  019F
setLED@green                        cstackBANK3  019E
setLED@luminosidad                  cstackBANK3  01A0
setLED@red                          cstackBANK1  00C9
setPWM@porcent                      cstackBANK1  00AB
spi_write_read@answer               cstackBANK1  00A3
spi_write_read@one_byte             cstackBANK1  00A2
spi_write_read@x                    cstackBANK1  00A4
start                               init         0012
start_initialization                cinit        0015
wtemp0                              (abs)        007E


MODULE INFORMATION

Module		Function		Class		Link	Load	Size
spi-master-v1.c
		_spi_write_read		CODE           	0AD6	0000	60

spi-master-v1.c estimated size: 60

/opt/microchip/xc8/v2.40/pic/sources/c90/common/lwdiv.c
		___lwdiv       		CODE           	0BD9	0000	70

/opt/microchip/xc8/v2.40/pic/sources/c90/common/lwdiv.c estimated size: 70

/opt/microchip/xc8/v2.40/pic/sources/c90/common/Umul8.c
		___bmul        		CODE           	0923	0000	23

/opt/microchip/xc8/v2.40/pic/sources/c90/common/Umul8.c estimated size: 23

/opt/microchip/xc8/v2.40/pic/sources/c90/common/awdiv.c
		___awdiv       		CODE           	0E47	0000	105

/opt/microchip/xc8/v2.40/pic/sources/c90/common/awdiv.c estimated size: 105

shared
		i1_printf      		CODE           	05B0	0000	250
		i1_putch       		CODE           	0879	0000	17
		__stringtab    		STRCODE        	0300	0000	18
		i1___lwdiv     		CODE           	0B51	0000	68
		_dpowers       		STRCODE        	0312	0000	10
		i1___awdiv     		CODE           	0D77	0000	103
		i1___lwmod     		CODE           	0A25	0000	58
		__initialization		CODE           	0015	0000	57
		i1_escribirMemoria		CODE           	0D12	0000	101
		i1_setPWM      		CODE           	09C4	0000	45
		i1_leerMemoria 		CODE           	08F7	0000	22
		i1_cosasSPI    		CODE           	075C	0000	158
		i1___bmul      		CODE           	08E2	0000	21
		i1_setLED      		CODE           	0DDE	0000	105
		i1_spi_write_read		CODE           	09F1	0000	52

shared estimated size: 1085

/opt/microchip/xc8/v2.40/pic/sources/c90/common/doprnt.c
		_printf        		CODE           	0494	0000	284

/opt/microchip/xc8/v2.40/pic/sources/c90/common/doprnt.c estimated size: 284

/opt/microchip/xc8/v2.40/pic/sources/c90/common/lwmod.c
		___lwmod       		CODE           	0A9A	0000	60

/opt/microchip/xc8/v2.40/pic/sources/c90/common/lwmod.c estimated size: 60

i2c-v2.c
		_i2c_write     		CODE           	0869	0000	16
		_i2c_rstart    		CODE           	082A	0000	9
		_i2c_stop      		CODE           	0833	0000	9
		_i2c_read      		CODE           	09A3	0000	33
		_wait_MSSP     		CODE           	081A	0000	8

i2c-v2.c estimated size: 75

main.c
		_setCO2        		CODE           	0B95	0000	68
		_getnoPrimerArranque		CODE           	0987	0000	28
		_setLumen      		CODE           	0B12	0000	63
		_cosasSPI      		CODE           	0232	0000	176
		_putch         		CODE           	090D	0000	22
		_escribirMemoria		CODE           	0F8B	0000	117
		_setLED        		CODE           	0F1C	0000	111
		_init_TMR0     		CODE           	0850	0000	12
		_init_TMR1     		CODE           	089B	0000	17
		_init_TMR2     		CODE           	08BD	0000	18
		_main          		CODE           	06AA	0000	178
		_initActuadoresSegunMemoria		CODE           	0CBD	0000	85
		_init_uart     		CODE           	02E2	0000	28
		_init_memoria  		CODE           	083C	0000	10
		_init_ADC      		CODE           	0952	0000	25
		_initYo        		CODE           	0EB0	0000	108
		_leerMemoria   		CODE           	096B	0000	28
		_init_CCP1_PWM 		CODE           	088A	0000	17
		_setPWM        		CODE           	0A5F	0000	59
		_TRAT_INT      		CODE           	0052	0000	480
		_getCO2        		CODE           	080C	0000	7
		_init_I2C      		CODE           	093A	0000	24
		_analisisRuido 		CODE           	0C6E	0000	79
		_analisisResto 		CODE           	0C1F	0000	79
		_getLumen      		CODE           	0813	0000	7
		_init_SPI      		CODE           	07FA	0000	4

main.c estimated size: 1850

