Microchip MPLAB XC8 Compiler V2.40

Linker command line:

-W-3 \
  --edf=C:\Program Files\Microchip\xc8\v2.40\pic\dat\20220703182018_en.msgs \
  -cn -h+dist/default/production\Proyecto1.X.production.sym \
  --cmf=dist/default/production\Proyecto1.X.production.cmf -z -Q16F886 \
  -oC:\Users\andro\AppData\Local\Temp\xcAsf2o.4 --defsym=__MPLAB_BUILD=1 \
  --fixupoverflow=error \
  -Mdist/default/production/Proyecto1.X.production.map \
  --md=C:\Users\andro\AppData\Local\Temp\xcAsf2o.dat -E1 -ver=XC8 Compiler \
  --acfsm=1493 -ACODE=00h-07FFhx4 -ASTRCODE=00h-01FFFh -ASTRING=00h-0FFhx32 \
  -ACONST=00h-0FFhx32 -AENTRY=00h-0FFhx32 -ACOMMON=070h-07Fh \
  -ABANK0=020h-06Fh -ABANK1=0A0h-0EFh -ABANK2=0110h-016Fh \
  -ABANK3=0190h-01EFh -ARAM=020h-06Fh,0A0h-0EFh,0110h-016Fh,0190h-01EFh \
  -AABS1=020h-07Fh,0A0h-0EFh,0110h-016Fh,0190h-01EFh -ASFR0=00h-01Fh \
  -ASFR1=080h-09Fh -ASFR2=0100h-010Fh -ASFR3=0180h-018Fh \
  -ACONFIG=02007h-02008h -DCONFIG=2 -AIDLOC=02000h-02003h -DIDLOC=2 \
  -AEEDATA=00h-0FFh/02100h -peeprom_data=EEDATA -DEEDATA=2 -DCODE=2 \
  -DSTRCODE=2 -DSTRING=2 -DCONST=2 -DENTRY=2 \
  -preset_vec=00h,intentry=04h,init,end_init -ppowerup=CODE -pcinit=CODE \
  -pfunctab=ENTRY -k C:\Users\andro\AppData\Local\Temp\xcAsf2o.o \
  dist/default/production\Proyecto1.X.production.o 

Object code version is 3.11

Machine type is 16F886



                Name                               Link     Load   Length Selector   Space Scale
C:\Users\andro\AppData\Local\Temp\xcAsf2o.o
                end_init                             12       12        3        8       0
                reset_vec                             0        0        3        0       0
                config                             2007     2007        2        0       4
                idloc                              2000     2000        4        0       5
dist/default/production\Proyecto1.X.production.o
                cinit                                15       15       35        8       0
                intentry                              4        4        E        8       0
                config                             2007     2007        2        0       4
                idloc                              2000     2000        4        0       5
                text45                              EE9      EE9       34     1DD2       0
                text44                              59D      59D       62        8       0
                text43                              DB6      DB6       16     1B6C       0
                text42                              4D4      4D4       65        8       0
                text41                              76D      76D       43        8       0
                text40                              46D      46D       67        8       0
                text39                              D8C      D8C       15     1B18       0
                text38                              E8D      E8D       2D     1D1A       0
                text37                               4A       4A      1E2        8       0
                text36                              D19      D19        D     1A32       0
                text35                              D26      D26        D     1A4C       0
                text34                              CD0      CD0        8     19A0       0
                text33                              E68      E68       25     1CD0       0
                text32                              CE8      CE8        9     19D0       0
                text31                              7F1      7F1        E        8       0
                text30                              6E5      6E5       45        8       0
                text29                              6A0      6A0       45        8       0
                text28                              7B0      7B0       41        8       0
                text27                              72A      72A       43        8       0
                text26                              CF1      CF1        9     19E2       0
                text25                              E14      E14       1C     1C28       0
                text24                              E30      E30       1C     1C60       0
                text23                              F52      F52       36     1EA4       0
                text22                              398      398       6C        8       0
                text21                              325      325       73        8       0
                text20                              5FF      5FF       5B        8       0
                text19                              404      404       69        8       0
                text18                              DCC      DCC       17     1B98       0
                text17                              EBA      EBA       2F     1D74       0
                text16                              539      539       64        8       0
                text15                              CFA      CFA        9     19F4       0
                text14                              DFB      DFB       19     1BF6       0
                text13                              D33      D33       11     1A66       0
                text12                              DE3      DE3       18     1BC6       0
                text11                              CCC      CCC        4     1998       0
                text10                              D0D      D0D        C     1A1A       0
                text9                               D44      D44       11     1A88       0
                text8                               D55      D55       12     1AAA       0
                text7                               D03      D03        A     1A06       0
                text6                               E4C      E4C       1C     1C98       0
                text5                               F88      F88       3C     1F10       0
                text4                               65A      65A       46        8       0
                text3                               FC4      FC4       3C     1F88       0
                text2                               D67      D67       12     1ACE       0
                text1                               22C      22C       F9        8       0
                maintext                            F1D      F1D       35     1E3A       0
                cstackBANK0                          20       20       1A       20       1
                cstackCOMMON                         70       70        D       70       1
                cstackBANK1                          BA       BA        B       A0       1
                clrtext                             CD8      CD8        8     19B0       0
                inittext                            D79      D79       13     1AF2       0
                dataBANK1                            C5       C5        8       A0       1
                bssBANK1                             A0       A0       1A       A0       1
                dataBANK0                            4F       4F       15       20       1
                bssBANK0                             3A       3A       15       20       1
                dataCOMMON                           7D       7D        1       70       1
                strings                             800      800       1B     1000       0
                idataBANK1                          CE0      CE0        8     19C0       0
                idataBANK0                          DA1      DA1       15     1B42       0
                idataCOMMON                         7FF      7FF        1        8       0

TOTAL           Name                               Link     Load   Length     Space
        CLASS   CODE           
                end_init                             12       12        3         0
                cinit                                15       15       35         0
                intentry                              4        4        E         0
                reset_vec                             0        0        3         0
                text45                              EE9      EE9       34         0
                text44                              59D      59D       62         0
                text43                              DB6      DB6       16         0
                text42                              4D4      4D4       65         0
                text41                              76D      76D       43         0
                text40                              46D      46D       67         0
                text39                              D8C      D8C       15         0
                text38                              E8D      E8D       2D         0
                text37                               4A       4A      1E2         0
                text36                              D19      D19        D         0
                text35                              D26      D26        D         0
                text34                              CD0      CD0        8         0
                text33                              E68      E68       25         0
                text32                              CE8      CE8        9         0
                text31                              7F1      7F1        E         0
                text30                              6E5      6E5       45         0
                text29                              6A0      6A0       45         0
                text28                              7B0      7B0       41         0
                text27                              72A      72A       43         0
                text26                              CF1      CF1        9         0
                text25                              E14      E14       1C         0
                text24                              E30      E30       1C         0
                text23                              F52      F52       36         0
                text22                              398      398       6C         0
                text21                              325      325       73         0
                text20                              5FF      5FF       5B         0
                text19                              404      404       69         0
                text18                              DCC      DCC       17         0
                text17                              EBA      EBA       2F         0
                text16                              539      539       64         0
                text15                              CFA      CFA        9         0
                text14                              DFB      DFB       19         0
                text13                              D33      D33       11         0
                text12                              DE3      DE3       18         0
                text11                              CCC      CCC        4         0
                text10                              D0D      D0D        C         0
                text9                               D44      D44       11         0
                text8                               D55      D55       12         0
                text7                               D03      D03        A         0
                text6                               E4C      E4C       1C         0
                text5                               F88      F88       3C         0
                text4                               65A      65A       46         0
                text3                               FC4      FC4       3C         0
                text2                               D67      D67       12         0
                text1                               22C      22C       F9         0
                maintext                            F1D      F1D       35         0
                clrtext                             CD8      CD8        8         0
                inittext                            D79      D79       13         0
                idataBANK1                          CE0      CE0        8         0
                idataBANK0                          DA1      DA1       15         0
                idataCOMMON                         7FF      7FF        1         0

        CLASS   STRCODE        

        CLASS   STRING         
                strings                             800      800       1B         0

        CLASS   CONST          

        CLASS   ENTRY          

        CLASS   COMMON         
                cstackCOMMON                         70       70        D         1
                dataCOMMON                           7D       7D        1         1

        CLASS   BANK0          
                cstackBANK0                          20       20       1A         1
                dataBANK0                            4F       4F       15         1
                bssBANK0                             3A       3A       15         1

        CLASS   BANK1          
                cstackBANK1                          BA       BA        B         1
                dataBANK1                            C5       C5        8         1
                bssBANK1                             A0       A0       1A         1

        CLASS   BANK2          

        CLASS   BANK3          

        CLASS   RAM            

        CLASS   ABS1           
                abs_s1                               7E       7E        2         1

        CLASS   SFR0           

        CLASS   SFR1           

        CLASS   SFR2           

        CLASS   SFR3           

        CLASS   CONFIG         
                config                             2007     2007        2         4

        CLASS   IDLOC          
                idloc                              2000     2000        4         5

        CLASS   EEDATA         

        CLASS   STACK          



SEGMENTS        Name                           Load    Length   Top    Selector   Space  Class     Delta

                reset_vec                      000000  000003  000003         0       0  CODE        2
                intentry                       000004  0007FC  000800         8       0  CODE        2
                cstackBANK0                    000020  000044  000064        20       1  BANK0       1
                cstackCOMMON                   000070  00000E  00007E        70       1  COMMON      1
                bssBANK1                       0000A0  00002D  0000CD        A0       1  BANK1       1
                strings                        000800  00001B  00081B      1000       0  STRING      2
                text11                         000CCC  000004  000CD0      1998       0  CODE        2
                text34                         000CD0  000008  000CD8      19A0       0  CODE        2
                clrtext                        000CD8  000008  000CE0      19B0       0  CODE        2
                idataBANK1                     000CE0  000008  000CE8      19C0       0  CODE        2
                text32                         000CE8  000009  000CF1      19D0       0  CODE        2
                text26                         000CF1  000009  000CFA      19E2       0  CODE        2
                text15                         000CFA  000009  000D03      19F4       0  CODE        2
                text7                          000D03  00000A  000D0D      1A06       0  CODE        2
                text10                         000D0D  00000C  000D19      1A1A       0  CODE        2
                text36                         000D19  00000D  000D26      1A32       0  CODE        2
                text35                         000D26  00000D  000D33      1A4C       0  CODE        2
                text13                         000D33  000011  000D44      1A66       0  CODE        2
                text9                          000D44  000011  000D55      1A88       0  CODE        2
                text8                          000D55  000012  000D67      1AAA       0  CODE        2
                text2                          000D67  000012  000D79      1ACE       0  CODE        2
                inittext                       000D79  000013  000D8C      1AF2       0  CODE        2
                text39                         000D8C  000015  000DA1      1B18       0  CODE        2
                idataBANK0                     000DA1  000015  000DB6      1B42       0  CODE        2
                text43                         000DB6  000016  000DCC      1B6C       0  CODE        2
                text18                         000DCC  000017  000DE3      1B98       0  CODE        2
                text12                         000DE3  000018  000DFB      1BC6       0  CODE        2
                text14                         000DFB  000019  000E14      1BF6       0  CODE        2
                text25                         000E14  00001C  000E30      1C28       0  CODE        2
                text24                         000E30  00001C  000E4C      1C60       0  CODE        2
                text6                          000E4C  00001C  000E68      1C98       0  CODE        2
                text33                         000E68  000025  000E8D      1CD0       0  CODE        2
                text38                         000E8D  00002D  000EBA      1D1A       0  CODE        2
                text17                         000EBA  00002F  000EE9      1D74       0  CODE        2
                text45                         000EE9  000034  000F1D      1DD2       0  CODE        2
                maintext                       000F1D  000035  000F52      1E3A       0  CODE        2
                text23                         000F52  000036  000F88      1EA4       0  CODE        2
                text5                          000F88  00003C  000FC4      1F10       0  CODE        2
                text3                          000FC4  00003C  001000      1F88       0  CODE        2


UNUSED ADDRESS RANGES

        Name                Unused          Largest block    Delta
        BANK0            0064-006F              C           1
        BANK1            00CD-00EF             23           1
        BANK2            0110-016F             60           1
        BANK3            0190-01EF             60           1
        CODE             0003-0003              1           2
                         081B-0CCB            4B1
                         1000-1FFF            800
        CONST            0003-0003              1           2
                         081B-0CCB            100
                         1000-1FFF            100
        EEDATA           2100-21FF            100           2
        ENTRY            0003-0003              1           2
                         081B-0CCB            100
                         1000-1FFF            100
        RAM              0064-006F              C           1
                         00CD-00EF             23
                         0110-016F             60
                         0190-01EF             60
        SFR0             0000-001F             20           1
        SFR1             0080-009F             20           1
        SFR2             0100-010F             10           1
        SFR3             0180-018F             10           1
        STRCODE          0003-0003              1           2
                         081B-0CCB            4B1
                         1000-1FFF           1000
        STRING           0003-0003              1           2
                         081B-0CCB            100
                         1000-1FFF            100

                                  Symbol Table

?___awdiv                           cstackBANK0  002C
?___lwdiv                           cstackBANK0  002C
?___lwmod                           cstackBANK0  0034
?_getCO2                            cstackBANK0  002C
?_getLumen                          cstackBANK0  002C
?_printf                            cstackBANK1  00BA
?i1___awdiv                         cstackCOMMON 0070
_ADCON0bits                         (abs)        001F
_ADCON1bits                         (abs)        009F
_ADRESH                             (abs)        001E
_ADRESL                             (abs)        009E
_ANSEL                              (abs)        0188
_ANSELbits                          (abs)        0188
_BAUDCTLbits                        (abs)        0187
_CCP1CONbits                        (abs)        0017
_CCPR1L                             (abs)        0015
_EEADR                              (abs)        010D
_EEADRH                             (abs)        010F
_EECON1bits                         (abs)        018C
_EECON2                             (abs)        018D
_EEDAT                              (abs)        010C
_EEDATH                             (abs)        010E
_INTCONbits                         (abs)        000B
_OPTION_REGbits                     (abs)        0081
_OSCCON                             (abs)        008F
_PIE1bits                           (abs)        008C
_PIE2bits                           (abs)        008D
_PIR1bits                           (abs)        000C
_PIR2bits                           (abs)        000D
_PORTAbits                          (abs)        0005
_PORTCbits                          (abs)        0007
_PR2                                (abs)        0092
_RCREG                              (abs)        001A
_RCSTAbits                          (abs)        0018
_SPBRG                              (abs)        0099
_SPBRGH                             (abs)        009A
_SSPADD                             (abs)        0093
_SSPBUF                             (abs)        0013
_SSPCON2bits                        (abs)        0091
_SSPCONbits                         (abs)        0014
_T1CONbits                          (abs)        0010
_T2CONbits                          (abs)        0012
_TMR0                               (abs)        0001
_TMR1H                              (abs)        000F
_TMR1L                              (abs)        000E
_TRAT_INT                           text37       004A
_TRISA                              (abs)        0085
_TRISB                              (abs)        0086
_TRISC                              (abs)        0087
_TRISCbits                          (abs)        0087
_TXIF                               (abs)        0064
_TXREG                              (abs)        0019
_TXSTAbits                          (abs)        0098
__Habs1                             abs1         0000
__Hbank0                            bank0        0000
__Hbank1                            bank1        0000
__Hbank2                            bank2        0000
__Hbank3                            bank3        0000
__HbssBANK0                         bssBANK0     0000
__HbssBANK1                         bssBANK1     0000
__Hcinit                            cinit        004A
__Hclrtext                          clrtext      0000
__Hcode                             code         0000
__Hcommon                           common       0000
__Hconfig                           config       2009
__HcstackBANK0                      cstackBANK0  0000
__HcstackBANK1                      cstackBANK1  0000
__HcstackCOMMON                     cstackCOMMON 0000
__HdataBANK0                        dataBANK0    0000
__HdataBANK1                        dataBANK1    0000
__HdataCOMMON                       dataCOMMON   0000
__Heeprom_data                      eeprom_data  0000
__Hend_init                         end_init     0015
__Hfunctab                          functab      0000
__HidataBANK0                       idataBANK0   0000
__HidataBANK1                       idataBANK1   0000
__HidataCOMMON                      idataCOMMON  0000
__Hidloc                            idloc        2004
__Hinit                             init         0012
__Hinittext                         inittext     0000
__Hintentry                         intentry     0012
__Hmaintext                         maintext     0000
__Hpowerup                          powerup      0000
__Hram                              ram          0000
__Hreset_vec                        reset_vec    0003
__Hsfr0                             sfr0         0000
__Hsfr1                             sfr1         0000
__Hsfr2                             sfr2         0000
__Hsfr3                             sfr3         0000
__Hspace_0                          (abs)        1000
__Hspace_1                          (abs)        00CD
__Hspace_2                          (abs)        0000
__Hspace_3                          (abs)        0000
__Hspace_4                          (abs)        4010
__Hstack                            stack        0000
__Hstrings                          strings      0000
__Htext                             text         0000
__Labs1                             abs1         0000
__Lbank0                            bank0        0000
__Lbank1                            bank1        0000
__Lbank2                            bank2        0000
__Lbank3                            bank3        0000
__LbssBANK0                         bssBANK0     0000
__LbssBANK1                         bssBANK1     0000
__Lcinit                            cinit        0015
__Lclrtext                          clrtext      0000
__Lcode                             code         0000
__Lcommon                           common       0000
__Lconfig                           config       0000
__LcstackBANK0                      cstackBANK0  0000
__LcstackBANK1                      cstackBANK1  0000
__LcstackCOMMON                     cstackCOMMON 0000
__LdataBANK0                        dataBANK0    0000
__LdataBANK1                        dataBANK1    0000
__LdataCOMMON                       dataCOMMON   0000
__Leeprom_data                      eeprom_data  0000
__Lend_init                         end_init     0012
__Lfunctab                          functab      0000
__LidataBANK0                       idataBANK0   0000
__LidataBANK1                       idataBANK1   0000
__LidataCOMMON                      idataCOMMON  0000
__Lidloc                            idloc        0000
__Linit                             init         0012
__Linittext                         inittext     0000
__Lintentry                         intentry     0004
__Lmaintext                         maintext     0000
__Lpowerup                          powerup      0000
__Lram                              ram          0000
__Lreset_vec                        reset_vec    0000
__Lsfr0                             sfr0         0000
__Lsfr1                             sfr1         0000
__Lsfr2                             sfr2         0000
__Lsfr3                             sfr3         0000
__Lspace_0                          (abs)        0000
__Lspace_1                          (abs)        0000
__Lspace_2                          (abs)        0000
__Lspace_3                          (abs)        0000
__Lspace_4                          (abs)        0000
__Lstack                            stack        0000
__Lstrings                          strings      0000
__Ltext                             text         0000
__S0                                (abs)        1000
__S1                                (abs)        00CD
__S3                                (abs)        0000
___awdiv                            text19       0404
___awdiv@counter                    cstackBANK0  0031
___awdiv@dividend                   cstackBANK0  002E
___awdiv@divisor                    cstackBANK0  002C
___awdiv@quotient                   cstackBANK0  0033
___awdiv@sign                       cstackBANK0  0032
___bmul                             text18       0DCC
___bmul@multiplicand                cstackBANK0  002C
___bmul@multiplier                  cstackBANK0  002F
___bmul@product                     cstackBANK0  002E
___int_sp                           stack        0000
___latbits                          (abs)        0002
___lwdiv                            text4        065A
___lwdiv@counter                    cstackBANK0  0031
___lwdiv@dividend                   cstackBANK0  002E
___lwdiv@divisor                    cstackBANK0  002C
___lwdiv@quotient                   cstackBANK0  0032
___lwmod                            text3        0FC4
___lwmod@counter                    cstackBANK0  0039
___lwmod@dividend                   cstackBANK0  0036
___lwmod@divisor                    cstackBANK0  0034
___sp                               stack        0000
___stackhi                          (abs)        0000
___stacklo                          (abs)        0000
__end_of_TRAT_INT                   text37       022C
__end_of___awdiv                    text19       046D
__end_of___bmul                     text18       0DE3
__end_of___lwdiv                    text4        06A0
__end_of___lwmod                    text3        1000
__end_of__initialization            cinit        0046
__end_of__stringtab                 strings      0806
__end_of_analisisResto              text28       07F1
__end_of_analisisRuido              text27       076D
__end_of_cosasSPI                   text22       0404
__end_of_dpowers                    strings      0810
__end_of_escribirMemoria            text21       0398
__end_of_getCO2                     text36       0D26
__end_of_getLumen                   text35       0D33
__end_of_getnoPrimerArranque        text24       0E4C
__end_of_i2c_read                   text33       0E8D
__end_of_i2c_rstart                 text32       0CF1
__end_of_i2c_start                  text15       0D03
__end_of_i2c_stop                   text26       0CFA
__end_of_i2c_write                  text31       07FF
__end_of_initActuadoresSegunMemoria text16       059D
__end_of_initYo                     text5        0FC4
__end_of_init_ADC                   text14       0E14
__end_of_init_CCP1_PWM              text13       0D44
__end_of_init_I2C                   text12       0DFB
__end_of_init_SPI                   text11       0CD0
__end_of_init_TMR0                  text10       0D19
__end_of_init_TMR1                  text9        0D55
__end_of_init_TMR2                  text8        0D67
__end_of_init_memoria               text7        0D0D
__end_of_init_uart                  text6        0E68
__end_of_leerMemoria                text25       0E30
__end_of_main                       maintext     0F52
__end_of_printf                     text1        0325
__end_of_putch                      text2        0D79
__end_of_setCO2                     text30       072A
__end_of_setLED                     text20       065A
__end_of_setLumen                   text29       06E5
__end_of_setPWM                     text17       0EE9
__end_of_spi_write_read             text23       0F88
__end_of_wait_MSSP                  text34       0CD8
__end_ofi1___awdiv                  text40       04D4
__end_ofi1___bmul                   text39       0DA1
__end_ofi1_cosasSPI                 text44       05FF
__end_ofi1_escribirMemoria          text42       0539
__end_ofi1_leerMemoria              text43       0DCC
__end_ofi1_setLED                   text41       07B0
__end_ofi1_setPWM                   text38       0EBA
__end_ofi1_spi_write_read           text45       0F1D
__initialization                    cinit        0015
__pbssBANK0                         bssBANK0     003A
__pbssBANK1                         bssBANK1     00A0
__pcstackBANK0                      cstackBANK0  0020
__pcstackBANK1                      cstackBANK1  00BA
__pcstackCOMMON                     cstackCOMMON 0070
__pdataBANK0                        dataBANK0    004F
__pdataBANK1                        dataBANK1    00C5
__pdataCOMMON                       dataCOMMON   007D
__pidataBANK0                       idataBANK0   0DA1
__pidataBANK1                       idataBANK1   0CE0
__pidataCOMMON                      idataCOMMON  07FF
__pintentry                         intentry     0004
__pmaintext                         maintext     0F1D
__pstrings                          strings      0800
__ptext1                            text1        022C
__ptext10                           text10       0D0D
__ptext11                           text11       0CCC
__ptext12                           text12       0DE3
__ptext13                           text13       0D33
__ptext14                           text14       0DFB
__ptext15                           text15       0CFA
__ptext16                           text16       0539
__ptext17                           text17       0EBA
__ptext18                           text18       0DCC
__ptext19                           text19       0404
__ptext2                            text2        0D67
__ptext20                           text20       05FF
__ptext21                           text21       0325
__ptext22                           text22       0398
__ptext23                           text23       0F52
__ptext24                           text24       0E30
__ptext25                           text25       0E14
__ptext26                           text26       0CF1
__ptext27                           text27       072A
__ptext28                           text28       07B0
__ptext29                           text29       06A0
__ptext3                            text3        0FC4
__ptext30                           text30       06E5
__ptext31                           text31       07F1
__ptext32                           text32       0CE8
__ptext33                           text33       0E68
__ptext34                           text34       0CD0
__ptext35                           text35       0D26
__ptext36                           text36       0D19
__ptext37                           text37       004A
__ptext38                           text38       0E8D
__ptext39                           text39       0D8C
__ptext4                            text4        065A
__ptext40                           text40       046D
__ptext41                           text41       076D
__ptext42                           text42       04D4
__ptext43                           text43       0DB6
__ptext44                           text44       059D
__ptext45                           text45       0EE9
__ptext5                            text5        0F88
__ptext6                            text6        0E4C
__ptext7                            text7        0D03
__ptext8                            text8        0D55
__ptext9                            text9        0D44
__stringbase                        strings      0805
__stringtab                         strings      0800
_actualizoLecturas                  bssBANK0     003E
_anI                                dataBANK0    0055
_analisisResto                      text28       07B0
_analisisRuido                      text27       072A
_continuoEscribiendo                bssBANK0     0048
_copias                             bssBANK0     003A
_copias1                            bssBANK0     003C
_copias5s                           bssBANK1     00AA
_cosasSPI                           text22       0398
_deboContinuar                      dataBANK0    0057
_direccionLED                       dataBANK0    005D
_direccionPWM                       dataBANK0    005E
_dpowers                            strings      0806
_eltimer1H                          dataCOMMON   007D
_eltimer1L                          dataBANK0    005F
_emitirMisSensores                  bssBANK0     0042
_emitoSensores                      bssBANK1     00B0
_escribirMemoria                    text21       0325
_getCO2                             text36       0D19
_getLumen                           text35       0D26
_getnoPrimerArranque                text24       0E30
_i2c_read                           text33       0E68
_i2c_rstart                         text32       0CE8
_i2c_start                          text15       0CFA
_i2c_stop                           text26       0CF1
_i2c_write                          text31       07F1
_initActuadoresSegunMemoria         text16       0539
_initActuadoresSegunMemoria$1569    cstackBANK1  00BD
_initActuadoresSegunMemoria$1570    cstackBANK1  00BE
_initActuadoresSegunMemoria$1571    cstackBANK1  00BF
_initYo                             text5        0F88
_init_ADC                           text14       0DFB
_init_CCP1_PWM                      text13       0D33
_init_I2C                           text12       0DE3
_init_SPI                           text11       0CCC
_init_TMR0                          text10       0D0D
_init_TMR1                          text9        0D44
_init_TMR2                          text8        0D55
_init_memoria                       text7        0D03
_init_uart                          text6        0E4C
_leerMemoria                        text25       0E14
_leoADCHumedadTemp                  dataBANK0    0053
_los5msen15ms                       dataBANK0    004F
_los5msen1sT0                       dataBANK1    00C5
_main                               maintext     0F1D
_miLED                              dataBANK0    0060
_numLedes                           dataBANK0    0051
_pPWM                               bssBANK0     004D
_porcentaje                         bssBANK0     004B
_porcentajeMax                      dataBANK0    005C
_printf                             text1        022C
_putch                              text2        0D67
_reciboLED                          bssBANK0     0046
_reciboPWM                          bssBANK0     0044
_ruidoMasAlto                       bssBANK0     0040
_setCO2                             text30       06E5
_setLED                             text20       05FF
_setLumen                           text29       06A0
_setPWM                             text17       0EBA
_spi_write_read                     text23       0F52
_valor                              bssBANK1     00A0
_valorI2C                           bssBANK1     00A6
_wait_MSSP                          text34       0CD0
analisisRuido@temp                  cstackBANK0  002E
btemp                               (abs)        007E
clear_ram0                          clrtext      0CD8
cosasSPI@azu                        cstackBANK0  0032
cosasSPI@i                          cstackBANK0  0036
cosasSPI@lumi                       cstackBANK0  0033
cosasSPI@lumo                       cstackBANK0  0035
cosasSPI@roj                        cstackBANK0  0034
cosasSPI@verd                       cstackBANK0  0031
end_of_initialization               cinit        0046
escribirMemoria@confirmado          cstackBANK0  002E
escribirMemoria@contador            cstackBANK0  0031
escribirMemoria@dato                cstackBANK0  002D
escribirMemoria@direccion           cstackBANK0  0030
getnoPrimerArranque@aux             cstackBANK0  002D
i1___awdiv                          text40       046D
i1___awdiv@counter                  cstackCOMMON 0075
i1___awdiv@dividend                 cstackCOMMON 0072
i1___awdiv@divisor                  cstackCOMMON 0070
i1___awdiv@quotient                 cstackCOMMON 0077
i1___awdiv@sign                     cstackCOMMON 0076
i1___bmul                           text39       0D8C
i1___bmul@multiplicand              cstackCOMMON 0070
i1___bmul@multiplier                cstackCOMMON 0073
i1___bmul@product                   cstackCOMMON 0072
i1_cosasSPI                         text44       059D
i1_escribirMemoria                  text42       04D4
i1_leerMemoria                      text43       0DB6
i1_setLED                           text41       076D
i1_setPWM                           text38       0E8D
i1_spi_write_read                   text45       0EE9
i1cosasSPI@azu                      cstackCOMMON 0076
i1cosasSPI@i                        cstackCOMMON 007A
i1cosasSPI@lumi                     cstackCOMMON 0077
i1cosasSPI@lumo                     cstackCOMMON 0079
i1cosasSPI@roj                      cstackCOMMON 0078
i1cosasSPI@verd                     cstackCOMMON 0075
i1escribirMemoria@confirmado        cstackCOMMON 0072
i1escribirMemoria@contador          cstackCOMMON 0075
i1escribirMemoria@dato              cstackCOMMON 0071
i1escribirMemoria@direccion         cstackCOMMON 0074
i1leerMemoria@direccion             cstackCOMMON 0070
i1setLED@blue                       cstackBANK0  0021
i1setLED@green                      cstackBANK0  0020
i1setLED@luminosidad                cstackBANK0  0022
i1setLED@red                        cstackCOMMON 007C
i1setPWM@porcent                    cstackCOMMON 007B
i1spi_write_read@answer             cstackCOMMON 0073
i1spi_write_read@one_byte           cstackCOMMON 0072
i1spi_write_read@x                  cstackCOMMON 0074
i2c_read@I2C_data                   cstackBANK0  002D
i2c_read@master_ack                 cstackBANK0  002C
i2c_write@I2C_data                  cstackBANK0  002C
init_fetch0                         inittext     0D79
init_ram0                           inittext     0D7D
interrupt_function                  intentry     0004
intlevel0                           functab      0000
intlevel1                           functab      0000
intlevel2                           functab      0000
intlevel3                           functab      0000
intlevel4                           functab      0000
intlevel5                           functab      0000
leerMemoria@direccion               cstackBANK0  002C
printf@ap                           cstackBANK1  00C1
printf@c                            cstackBANK1  00C4
printf@f                            cstackBANK1  00BF
printf@flag                         cstackBANK1  00BE
printf@prec                         cstackBANK1  00C0
printf@val                          cstackBANK1  00C2
putch@c                             cstackBANK0  002C
reset_vec                           reset_vec    0000
saved_w                             (abs)        007E
setLED@blue                         cstackBANK1  00BB
setLED@green                        cstackBANK1  00BA
setLED@luminosidad                  cstackBANK1  00BC
setLED@red                          cstackBANK0  0038
setPWM@porcent                      cstackBANK0  0037
spi_write_read@answer               cstackBANK0  002F
spi_write_read@one_byte             cstackBANK0  002E
spi_write_read@x                    cstackBANK0  0030
start                               init         0012
start_initialization                cinit        0015
wtemp0                              (abs)        007E


MODULE INFORMATION

Module		Function		Class		Link	Load	Size
spi-master-v1.c
		_spi_write_read		CODE           	0F52	0000	54

spi-master-v1.c estimated size: 54

C:\Program Files\Microchip\xc8\v2.40\pic\sources\c90\common\Umul8.c
		___bmul        		CODE           	0DCC	0000	23

C:\Program Files\Microchip\xc8\v2.40\pic\sources\c90\common\Umul8.c estimated size: 23

C:\Program Files\Microchip\xc8\v2.40\pic\sources\c90\common\awdiv.c
		___awdiv       		CODE           	0404	0000	105

C:\Program Files\Microchip\xc8\v2.40\pic\sources\c90\common\awdiv.c estimated size: 105

C:\Program Files\Microchip\xc8\v2.40\pic\sources\c90\common\doprnt.c
		_printf        		CODE           	022C	0000	249

C:\Program Files\Microchip\xc8\v2.40\pic\sources\c90\common\doprnt.c estimated size: 249

C:\Program Files\Microchip\xc8\v2.40\pic\sources\c90\common\lwmod.c
		___lwmod       		CODE           	0FC4	0000	60

C:\Program Files\Microchip\xc8\v2.40\pic\sources\c90\common\lwmod.c estimated size: 60

shared
		__stringtab    		STRING         	0800	0000	6
		_dpowers       		STRING         	0806	0000	10
		i1___awdiv     		CODE           	046D	0000	103
		__initialization		CODE           	0015	0000	49
		i1_escribirMemoria		CODE           	04D4	0000	101
		i1_setPWM      		CODE           	0E8D	0000	45
		i1_leerMemoria 		CODE           	0DB6	0000	22
		i1_cosasSPI    		CODE           	059D	0000	98
		i1___bmul      		CODE           	0D8C	0000	21
		i1_setLED      		CODE           	076D	0000	67
		i1_spi_write_read		CODE           	0EE9	0000	52

shared estimated size: 574

i2c-v2.c
		_i2c_start     		CODE           	0CFA	0000	9
		_i2c_write     		CODE           	07F1	0000	14
		_i2c_rstart    		CODE           	0CE8	0000	9
		_i2c_stop      		CODE           	0CF1	0000	9
		_i2c_read      		CODE           	0E68	0000	37
		_wait_MSSP     		CODE           	0CD0	0000	8

i2c-v2.c estimated size: 86

main.c
		_setCO2        		CODE           	06E5	0000	69
		_getnoPrimerArranque		CODE           	0E30	0000	28
		_setLumen      		CODE           	06A0	0000	69
		_cosasSPI      		CODE           	0398	0000	108
		_putch         		CODE           	0D67	0000	18
		_escribirMemoria		CODE           	0325	0000	115
		_setLED        		CODE           	05FF	0000	91
		_init_TMR0     		CODE           	0D0D	0000	12
		_init_TMR1     		CODE           	0D44	0000	17
		_init_TMR2     		CODE           	0D55	0000	18
		_main          		CODE           	0F1D	0000	53
		_initActuadoresSegunMemoria		CODE           	0539	0000	100
		_init_uart     		CODE           	0E4C	0000	28
		_init_memoria  		CODE           	0D03	0000	10
		_init_ADC      		CODE           	0DFB	0000	25
		_initYo        		CODE           	0F88	0000	60
		_leerMemoria   		CODE           	0E14	0000	28
		_init_CCP1_PWM 		CODE           	0D33	0000	17
		_setPWM        		CODE           	0EBA	0000	47
		_TRAT_INT      		CODE           	004A	0000	482
		_getCO2        		CODE           	0D19	0000	13
		_init_I2C      		CODE           	0DE3	0000	24
		_analisisRuido 		CODE           	072A	0000	67
		_analisisResto 		CODE           	07B0	0000	65
		_getLumen      		CODE           	0D26	0000	13
		_init_SPI      		CODE           	0CCC	0000	4

main.c estimated size: 1581

C:\Program Files\Microchip\xc8\v2.40\pic\sources\c90\common\lwdiv.c
		___lwdiv       		CODE           	065A	0000	70

C:\Program Files\Microchip\xc8\v2.40\pic\sources\c90\common\lwdiv.c estimated size: 70

