Microchip MPLAB XC8 Compiler V2.40

Linker command line:

-W-3 \
  --edf=C:\Program Files\Microchip\xc8\v2.40\pic\dat\20220703182018_en.msgs \
  -cn -h+dist/default/production\Proyecto1.X.production.sym \
  --cmf=dist/default/production\Proyecto1.X.production.cmf -z -Q16F886 \
  -oC:\Users\andro\AppData\Local\Temp\xcAs6fc.4 --defsym=__MPLAB_BUILD=1 \
  --fixupoverflow=error \
  -Mdist/default/production/Proyecto1.X.production.map \
  --md=C:\Users\andro\AppData\Local\Temp\xcAs6fc.dat -E1 -ver=XC8 Compiler \
  --acfsm=1493 -ACODE=00h-07FFhx4 -ASTRCODE=00h-01FFFh -ASTRING=00h-0FFhx32 \
  -ACONST=00h-0FFhx32 -AENTRY=00h-0FFhx32 -ACOMMON=070h-07Fh \
  -ABANK0=020h-06Fh -ABANK1=0A0h-0EFh -ABANK2=0110h-016Fh \
  -ABANK3=0190h-01EFh -ARAM=020h-06Fh,0A0h-0EFh,0110h-016Fh,0190h-01EFh \
  -AABS1=020h-07Fh,0A0h-0EFh,0110h-016Fh,0190h-01EFh -ASFR0=00h-01Fh \
  -ASFR1=080h-09Fh -ASFR2=0100h-010Fh -ASFR3=0180h-018Fh \
  -ACONFIG=02007h-02008h -DCONFIG=2 -AIDLOC=02000h-02003h -DIDLOC=2 \
  -AEEDATA=00h-0FFh/02100h -peeprom_data=EEDATA -DEEDATA=2 -DCODE=2 \
  -DSTRCODE=2 -DSTRING=2 -DCONST=2 -DENTRY=2 \
  -preset_vec=00h,intentry=04h,init,end_init -ppowerup=CODE -pcinit=CODE \
  -pfunctab=ENTRY -k C:\Users\andro\AppData\Local\Temp\xcAs6fc.o \
  dist/default/production\Proyecto1.X.production.o 

Object code version is 3.11

Machine type is 16F886



                Name                               Link     Load   Length Selector   Space Scale
C:\Users\andro\AppData\Local\Temp\xcAs6fc.o
                end_init                             12       12        3        8       0
                reset_vec                             0        0        3        0       0
                config                             2007     2007        2        0       4
                idloc                              2000     2000        4        0       5
dist/default/production\Proyecto1.X.production.o
                cinit                                15       15       35        8       0
                intentry                              4        4        E        8       0
                config                             2007     2007        2        0       4
                idloc                              2000     2000        4        0       5
                text45                              E16      E16       34     1C2C       0
                text44                              65E      65E       62      97A       0
                text43                              CE3      CE3       16     19C6       0
                text42                              5F9      5F9       65      97A       0
                text41                              F37      F37       43     1E6E       0
                text40                              592      592       67      97A       0
                text39                              CCE      CCE       15     199C       0
                text38                              DBA      DBA       2D     1B74       0
                text37                               4A       4A      1D8        8       0
                text36                              C26      C26        D     184C       0
                text35                              C33      C33        D     1866       0
                text34                              BE5      BE5        8     17CA       0
                text33                              D95      D95       25     1B2A       0
                text32                              BF5      BF5        9     17EA       0
                text31                              C40      C40        E     1880       0
                text30                              71E      71E       50      97A       0
                text29                              76E      76E       4B      97A       0
                text28                              EF8      EF8       3F     1DF0       0
                text27                              F7A      F7A       43     1EF4       0
                text26                              BFE      BFE        9     17FC       0
                text25                              D41      D41       1C     1A82       0
                text24                              D5D      D5D       1C     1ABA       0
                text23                              E4A      E4A       36     1C94       0
                text22                              4BD      4BD       6C      97A       0
                text21                              3D8      3D8       73        8       0
                text20                              FBD      FBD       43     1F7A       0
                text19                              529      529       69      97A       0
                text18                              CF9      CF9       17     19F2       0
                text17                              DE7      DE7       2F     1BCE       0
                text16                              6C0      6C0       5E      97A       0
                text15                              C07      C07        9     180E       0
                text14                              D28      D28       19     1A50       0
                text13                              C4E      C4E       11     189C       0
                text12                              D10      D10       18     1A20       0
                text11                              BE1      BE1        4     17C2       0
                text10                              C1A      C1A        C     1834       0
                text9                               C5F      C5F       11     18BE       0
                text8                               C70      C70       12     18E0       0
                text7                               C10      C10        A     1820       0
                text6                               D79      D79       1C     1AF2       0
                text5                               E80      E80       3C     1D00       0
                text4                               7B9      7B9       46      97A       0
                text3                               EBC      EBC       3C     1D78       0
                text2                               C82      C82       12     1904       0
                text1                               222      222      11B        8       0
                maintext                            33D      33D       9B        8       0
                cstackBANK0                          20       20       27       20       1
                cstackCOMMON                         70       70        D       70       1
                cstackBANK1                          CC       CC        9       A0       1
                clrtext                             BED      BED        8     17DA       0
                inittext                            C94      C94       13     1928       0
                dataBANK1                            B8       B8       14       A0       1
                bssBANK1                             A0       A0       18       A0       1
                dataBANK0                            47       47       13       20       1
                bssBANK0                             5A       5A        D       20       1
                dataCOMMON                           7D       7D        1       70       1
                strings                             44B      44B       72      896       0
                idataBANK1                          CBA      CBA       14     1974       0
                idataBANK0                          CA7      CA7       13     194E       0
                idataCOMMON                         7FF      7FF        1      97A       0

TOTAL           Name                               Link     Load   Length     Space
        CLASS   CODE           
                end_init                             12       12        3         0
                cinit                                15       15       35         0
                intentry                              4        4        E         0
                reset_vec                             0        0        3         0
                text45                              E16      E16       34         0
                text44                              65E      65E       62         0
                text43                              CE3      CE3       16         0
                text42                              5F9      5F9       65         0
                text41                              F37      F37       43         0
                text40                              592      592       67         0
                text39                              CCE      CCE       15         0
                text38                              DBA      DBA       2D         0
                text37                               4A       4A      1D8         0
                text36                              C26      C26        D         0
                text35                              C33      C33        D         0
                text34                              BE5      BE5        8         0
                text33                              D95      D95       25         0
                text32                              BF5      BF5        9         0
                text31                              C40      C40        E         0
                text30                              71E      71E       50         0
                text29                              76E      76E       4B         0
                text28                              EF8      EF8       3F         0
                text27                              F7A      F7A       43         0
                text26                              BFE      BFE        9         0
                text25                              D41      D41       1C         0
                text24                              D5D      D5D       1C         0
                text23                              E4A      E4A       36         0
                text22                              4BD      4BD       6C         0
                text21                              3D8      3D8       73         0
                text20                              FBD      FBD       43         0
                text19                              529      529       69         0
                text18                              CF9      CF9       17         0
                text17                              DE7      DE7       2F         0
                text16                              6C0      6C0       5E         0
                text15                              C07      C07        9         0
                text14                              D28      D28       19         0
                text13                              C4E      C4E       11         0
                text12                              D10      D10       18         0
                text11                              BE1      BE1        4         0
                text10                              C1A      C1A        C         0
                text9                               C5F      C5F       11         0
                text8                               C70      C70       12         0
                text7                               C10      C10        A         0
                text6                               D79      D79       1C         0
                text5                               E80      E80       3C         0
                text4                               7B9      7B9       46         0
                text3                               EBC      EBC       3C         0
                text2                               C82      C82       12         0
                text1                               222      222      11B         0
                maintext                            33D      33D       9B         0
                clrtext                             BED      BED        8         0
                inittext                            C94      C94       13         0
                idataBANK1                          CBA      CBA       14         0
                idataBANK0                          CA7      CA7       13         0
                idataCOMMON                         7FF      7FF        1         0

        CLASS   STRCODE        

        CLASS   STRING         
                strings                             44B      44B       72         0

        CLASS   CONST          

        CLASS   ENTRY          

        CLASS   COMMON         
                cstackCOMMON                         70       70        D         1
                dataCOMMON                           7D       7D        1         1

        CLASS   BANK0          
                cstackBANK0                          20       20       27         1
                dataBANK0                            47       47       13         1
                bssBANK0                             5A       5A        D         1

        CLASS   BANK1          
                cstackBANK1                          CC       CC        9         1
                dataBANK1                            B8       B8       14         1
                bssBANK1                             A0       A0       18         1

        CLASS   BANK2          

        CLASS   BANK3          

        CLASS   RAM            

        CLASS   ABS1           
                abs_s1                               7E       7E        2         1

        CLASS   SFR0           

        CLASS   SFR1           

        CLASS   SFR2           

        CLASS   SFR3           

        CLASS   CONFIG         
                config                             2007     2007        2         4

        CLASS   IDLOC          
                idloc                              2000     2000        4         5

        CLASS   EEDATA         

        CLASS   STACK          



SEGMENTS        Name                           Load    Length   Top    Selector   Space  Class     Delta

                reset_vec                      000000  000003  000003         0       0  CODE        2
                intentry                       000004  000447  00044B         8       0  CODE        2
                cstackBANK0                    000020  000047  000067        20       1  BANK0       1
                cstackCOMMON                   000070  00000E  00007E        70       1  COMMON      1
                bssBANK1                       0000A0  000035  0000D5        A0       1  BANK1       1
                strings                        00044B  000072  0004BD       896       0  STRING      2
                text22                         0004BD  000343  000800       97A       0  CODE        2
                text11                         000BE1  000004  000BE5      17C2       0  CODE        2
                text34                         000BE5  000008  000BED      17CA       0  CODE        2
                clrtext                        000BED  000008  000BF5      17DA       0  CODE        2
                text32                         000BF5  000009  000BFE      17EA       0  CODE        2
                text26                         000BFE  000009  000C07      17FC       0  CODE        2
                text15                         000C07  000009  000C10      180E       0  CODE        2
                text7                          000C10  00000A  000C1A      1820       0  CODE        2
                text10                         000C1A  00000C  000C26      1834       0  CODE        2
                text36                         000C26  00000D  000C33      184C       0  CODE        2
                text35                         000C33  00000D  000C40      1866       0  CODE        2
                text31                         000C40  00000E  000C4E      1880       0  CODE        2
                text13                         000C4E  000011  000C5F      189C       0  CODE        2
                text9                          000C5F  000011  000C70      18BE       0  CODE        2
                text8                          000C70  000012  000C82      18E0       0  CODE        2
                text2                          000C82  000012  000C94      1904       0  CODE        2
                inittext                       000C94  000013  000CA7      1928       0  CODE        2
                idataBANK0                     000CA7  000013  000CBA      194E       0  CODE        2
                idataBANK1                     000CBA  000014  000CCE      1974       0  CODE        2
                text39                         000CCE  000015  000CE3      199C       0  CODE        2
                text43                         000CE3  000016  000CF9      19C6       0  CODE        2
                text18                         000CF9  000017  000D10      19F2       0  CODE        2
                text12                         000D10  000018  000D28      1A20       0  CODE        2
                text14                         000D28  000019  000D41      1A50       0  CODE        2
                text25                         000D41  00001C  000D5D      1A82       0  CODE        2
                text24                         000D5D  00001C  000D79      1ABA       0  CODE        2
                text6                          000D79  00001C  000D95      1AF2       0  CODE        2
                text33                         000D95  000025  000DBA      1B2A       0  CODE        2
                text38                         000DBA  00002D  000DE7      1B74       0  CODE        2
                text17                         000DE7  00002F  000E16      1BCE       0  CODE        2
                text45                         000E16  000034  000E4A      1C2C       0  CODE        2
                text23                         000E4A  000036  000E80      1C94       0  CODE        2
                text5                          000E80  00003C  000EBC      1D00       0  CODE        2
                text3                          000EBC  00003C  000EF8      1D78       0  CODE        2
                text28                         000EF8  00003F  000F37      1DF0       0  CODE        2
                text41                         000F37  000043  000F7A      1E6E       0  CODE        2
                text27                         000F7A  000043  000FBD      1EF4       0  CODE        2
                text20                         000FBD  000043  001000      1F7A       0  CODE        2


UNUSED ADDRESS RANGES

        Name                Unused          Largest block    Delta
        BANK0            0067-006F              9           1
        BANK1            00D5-00EF             1B           1
        BANK2            0110-016F             60           1
        BANK3            0190-01EF             60           1
        CODE             0003-0003              1           2
                         0800-0BE0            3E1
                         1000-1FFF            800
        CONST            0003-0003              1           2
                         0800-0BE0            100
                         1000-1FFF            100
        EEDATA           2100-21FF            100           2
        ENTRY            0003-0003              1           2
                         0800-0BE0            100
                         1000-1FFF            100
        RAM              0067-006F              9           1
                         00D5-00EF             1B
                         0110-016F             60
                         0190-01EF             60
        SFR0             0000-001F             20           1
        SFR1             0080-009F             20           1
        SFR2             0100-010F             10           1
        SFR3             0180-018F             10           1
        STRCODE          0003-0003              1           2
                         0800-0BE0            3E1
                         1000-1FFF           1000
        STRING           0003-0003              1           2
                         0800-0BE0            100
                         1000-1FFF            100

                                  Symbol Table

?___awdiv                           cstackBANK0  0029
?___lwdiv                           cstackBANK0  0029
?___lwmod                           cstackBANK0  0031
?_getCO2                            cstackBANK0  0029
?_getLumen                          cstackBANK0  0029
?_printf                            cstackBANK0  0037
?i1___awdiv                         cstackCOMMON 0070
_ADCON0bits                         (abs)        001F
_ADCON1bits                         (abs)        009F
_ADRESH                             (abs)        001E
_ADRESL                             (abs)        009E
_ANSEL                              (abs)        0188
_ANSELbits                          (abs)        0188
_BAUDCTLbits                        (abs)        0187
_CCP1CONbits                        (abs)        0017
_CCPR1L                             (abs)        0015
_EEADR                              (abs)        010D
_EEADRH                             (abs)        010F
_EECON1bits                         (abs)        018C
_EECON2                             (abs)        018D
_EEDAT                              (abs)        010C
_EEDATH                             (abs)        010E
_INTCONbits                         (abs)        000B
_OPTION_REGbits                     (abs)        0081
_OSCCON                             (abs)        008F
_PIE1bits                           (abs)        008C
_PIE2bits                           (abs)        008D
_PIR1bits                           (abs)        000C
_PIR2bits                           (abs)        000D
_PORTAbits                          (abs)        0005
_PORTCbits                          (abs)        0007
_PR2                                (abs)        0092
_RCREG                              (abs)        001A
_RCSTAbits                          (abs)        0018
_SPBRG                              (abs)        0099
_SPBRGH                             (abs)        009A
_SSPADD                             (abs)        0093
_SSPBUF                             (abs)        0013
_SSPCON2bits                        (abs)        0091
_SSPCONbits                         (abs)        0014
_T1CONbits                          (abs)        0010
_T2CONbits                          (abs)        0012
_TMR0                               (abs)        0001
_TMR1H                              (abs)        000F
_TMR1L                              (abs)        000E
_TRAT_INT                           text37       004A
_TRISA                              (abs)        0085
_TRISB                              (abs)        0086
_TRISC                              (abs)        0087
_TRISCbits                          (abs)        0087
_TXIF                               (abs)        0064
_TXREG                              (abs)        0019
_TXSTAbits                          (abs)        0098
__Habs1                             abs1         0000
__Hbank0                            bank0        0000
__Hbank1                            bank1        0000
__Hbank2                            bank2        0000
__Hbank3                            bank3        0000
__HbssBANK0                         bssBANK0     0000
__HbssBANK1                         bssBANK1     0000
__Hcinit                            cinit        004A
__Hclrtext                          clrtext      0000
__Hcode                             code         0000
__Hcommon                           common       0000
__Hconfig                           config       2009
__HcstackBANK0                      cstackBANK0  0000
__HcstackBANK1                      cstackBANK1  0000
__HcstackCOMMON                     cstackCOMMON 0000
__HdataBANK0                        dataBANK0    0000
__HdataBANK1                        dataBANK1    0000
__HdataCOMMON                       dataCOMMON   0000
__Heeprom_data                      eeprom_data  0000
__Hend_init                         end_init     0015
__Hfunctab                          functab      0000
__HidataBANK0                       idataBANK0   0000
__HidataBANK1                       idataBANK1   0000
__HidataCOMMON                      idataCOMMON  0000
__Hidloc                            idloc        2004
__Hinit                             init         0012
__Hinittext                         inittext     0000
__Hintentry                         intentry     0012
__Hmaintext                         maintext     0000
__Hpowerup                          powerup      0000
__Hram                              ram          0000
__Hreset_vec                        reset_vec    0003
__Hsfr0                             sfr0         0000
__Hsfr1                             sfr1         0000
__Hsfr2                             sfr2         0000
__Hsfr3                             sfr3         0000
__Hspace_0                          (abs)        1000
__Hspace_1                          (abs)        00D5
__Hspace_2                          (abs)        0000
__Hspace_3                          (abs)        0000
__Hspace_4                          (abs)        4010
__Hstack                            stack        0000
__Hstrings                          strings      0000
__Htext                             text         0000
__Labs1                             abs1         0000
__Lbank0                            bank0        0000
__Lbank1                            bank1        0000
__Lbank2                            bank2        0000
__Lbank3                            bank3        0000
__LbssBANK0                         bssBANK0     0000
__LbssBANK1                         bssBANK1     0000
__Lcinit                            cinit        0015
__Lclrtext                          clrtext      0000
__Lcode                             code         0000
__Lcommon                           common       0000
__Lconfig                           config       0000
__LcstackBANK0                      cstackBANK0  0000
__LcstackBANK1                      cstackBANK1  0000
__LcstackCOMMON                     cstackCOMMON 0000
__LdataBANK0                        dataBANK0    0000
__LdataBANK1                        dataBANK1    0000
__LdataCOMMON                       dataCOMMON   0000
__Leeprom_data                      eeprom_data  0000
__Lend_init                         end_init     0012
__Lfunctab                          functab      0000
__LidataBANK0                       idataBANK0   0000
__LidataBANK1                       idataBANK1   0000
__LidataCOMMON                      idataCOMMON  0000
__Lidloc                            idloc        0000
__Linit                             init         0012
__Linittext                         inittext     0000
__Lintentry                         intentry     0004
__Lmaintext                         maintext     0000
__Lpowerup                          powerup      0000
__Lram                              ram          0000
__Lreset_vec                        reset_vec    0000
__Lsfr0                             sfr0         0000
__Lsfr1                             sfr1         0000
__Lsfr2                             sfr2         0000
__Lsfr3                             sfr3         0000
__Lspace_0                          (abs)        0000
__Lspace_1                          (abs)        0000
__Lspace_2                          (abs)        0000
__Lspace_3                          (abs)        0000
__Lspace_4                          (abs)        0000
__Lstack                            stack        0000
__Lstrings                          strings      0000
__Ltext                             text         0000
__S0                                (abs)        1000
__S1                                (abs)        00D5
__S3                                (abs)        0000
___awdiv                            text19       0529
___awdiv@counter                    cstackBANK0  002E
___awdiv@dividend                   cstackBANK0  002B
___awdiv@divisor                    cstackBANK0  0029
___awdiv@quotient                   cstackBANK0  0030
___awdiv@sign                       cstackBANK0  002F
___bmul                             text18       0CF9
___bmul@multiplicand                cstackBANK0  0029
___bmul@multiplier                  cstackBANK0  002C
___bmul@product                     cstackBANK0  002B
___int_sp                           stack        0000
___latbits                          (abs)        0002
___lwdiv                            text4        07B9
___lwdiv@counter                    cstackBANK0  002E
___lwdiv@dividend                   cstackBANK0  002B
___lwdiv@divisor                    cstackBANK0  0029
___lwdiv@quotient                   cstackBANK0  002F
___lwmod                            text3        0EBC
___lwmod@counter                    cstackBANK0  0036
___lwmod@dividend                   cstackBANK0  0033
___lwmod@divisor                    cstackBANK0  0031
___sp                               stack        0000
___stackhi                          (abs)        0000
___stacklo                          (abs)        0000
__end_of_TRAT_INT                   text37       0222
__end_of___awdiv                    text19       0592
__end_of___bmul                     text18       0D10
__end_of___lwdiv                    text4        07FF
__end_of___lwmod                    text3        0EF8
__end_of__initialization            cinit        0046
__end_of__stringtab                 strings      0451
__end_of_analisisResto              text28       0F37
__end_of_analisisRuido              text27       0FBD
__end_of_cosasSPI                   text22       0529
__end_of_dpowers                    strings      045B
__end_of_escribirMemoria            text21       044B
__end_of_getCO2                     text36       0C33
__end_of_getLumen                   text35       0C40
__end_of_getnoPrimerArranque        text24       0D79
__end_of_i2c_read                   text33       0DBA
__end_of_i2c_rstart                 text32       0BFE
__end_of_i2c_start                  text15       0C10
__end_of_i2c_stop                   text26       0C07
__end_of_i2c_write                  text31       0C4E
__end_of_initActuadoresSegunMemoria text16       071E
__end_of_initYo                     text5        0EBC
__end_of_init_ADC                   text14       0D41
__end_of_init_CCP1_PWM              text13       0C5F
__end_of_init_I2C                   text12       0D28
__end_of_init_SPI                   text11       0BE5
__end_of_init_TMR0                  text10       0C26
__end_of_init_TMR1                  text9        0C70
__end_of_init_TMR2                  text8        0C82
__end_of_init_memoria               text7        0C1A
__end_of_init_uart                  text6        0D95
__end_of_leerMemoria                text25       0D5D
__end_of_main                       maintext     03D8
__end_of_printf                     text1        033D
__end_of_putch                      text2        0C94
__end_of_setCO2                     text30       076E
__end_of_setLED                     text20       1000
__end_of_setLumen                   text29       07B9
__end_of_setPWM                     text17       0E16
__end_of_spi_write_read             text23       0E80
__end_of_wait_MSSP                  text34       0BED
__end_ofi1___awdiv                  text40       05F9
__end_ofi1___bmul                   text39       0CE3
__end_ofi1_cosasSPI                 text44       06C0
__end_ofi1_escribirMemoria          text42       065E
__end_ofi1_leerMemoria              text43       0CF9
__end_ofi1_setLED                   text41       0F7A
__end_ofi1_setPWM                   text38       0DE7
__end_ofi1_spi_write_read           text45       0E4A
__initialization                    cinit        0015
__pbssBANK0                         bssBANK0     005A
__pbssBANK1                         bssBANK1     00A0
__pcstackBANK0                      cstackBANK0  0020
__pcstackBANK1                      cstackBANK1  00CC
__pcstackCOMMON                     cstackCOMMON 0070
__pdataBANK0                        dataBANK0    0047
__pdataBANK1                        dataBANK1    00B8
__pdataCOMMON                       dataCOMMON   007D
__pidataBANK0                       idataBANK0   0CA7
__pidataBANK1                       idataBANK1   0CBA
__pidataCOMMON                      idataCOMMON  07FF
__pintentry                         intentry     0004
__pmaintext                         maintext     033D
__pstrings                          strings      044B
__ptext1                            text1        0222
__ptext10                           text10       0C1A
__ptext11                           text11       0BE1
__ptext12                           text12       0D10
__ptext13                           text13       0C4E
__ptext14                           text14       0D28
__ptext15                           text15       0C07
__ptext16                           text16       06C0
__ptext17                           text17       0DE7
__ptext18                           text18       0CF9
__ptext19                           text19       0529
__ptext2                            text2        0C82
__ptext20                           text20       0FBD
__ptext21                           text21       03D8
__ptext22                           text22       04BD
__ptext23                           text23       0E4A
__ptext24                           text24       0D5D
__ptext25                           text25       0D41
__ptext26                           text26       0BFE
__ptext27                           text27       0F7A
__ptext28                           text28       0EF8
__ptext29                           text29       076E
__ptext3                            text3        0EBC
__ptext30                           text30       071E
__ptext31                           text31       0C40
__ptext32                           text32       0BF5
__ptext33                           text33       0D95
__ptext34                           text34       0BE5
__ptext35                           text35       0C33
__ptext36                           text36       0C26
__ptext37                           text37       004A
__ptext38                           text38       0DBA
__ptext39                           text39       0CCE
__ptext4                            text4        07B9
__ptext40                           text40       0592
__ptext41                           text41       0F37
__ptext42                           text42       05F9
__ptext43                           text43       0CE3
__ptext44                           text44       065E
__ptext45                           text45       0E16
__ptext5                            text5        0E80
__ptext6                            text6        0D79
__ptext7                            text7        0C10
__ptext8                            text8        0C70
__ptext9                            text9        0C5F
__stringbase                        strings      0450
__stringtab                         strings      044B
_actualizoLecturas                  bssBANK1     00AE
_anI                                dataBANK0    004D
_analisisResto                      text28       0EF8
_analisisRuido                      text27       0F7A
_continuoEscribiendo                bssBANK0     0060
_copias                             bssBANK1     00AC
_copias1                            bssBANK0     005A
_copias5s                           bssBANK1     00AA
_cosasSPI                           text22       04BD
_deboContinuar                      dataBANK1    00CA
_direccionLED                       dataBANK0    0053
_direccionPWM                       dataBANK0    0054
_dpowers                            strings      0451
_eltimer1H                          dataCOMMON   007D
_eltimer1L                          dataBANK0    0055
_emitirMisSensores                  bssBANK1     00B2
_emitoSensores                      dataBANK1    00B8
_escribirMemoria                    text21       03D8
_getCO2                             text36       0C26
_getLumen                           text35       0C33
_getnoPrimerArranque                text24       0D5D
_i2c_read                           text33       0D95
_i2c_rstart                         text32       0BF5
_i2c_start                          text15       0C07
_i2c_stop                           text26       0BFE
_i2c_write                          text31       0C40
_initActuadoresSegunMemoria         text16       06C0
_initActuadoresSegunMemoria$1570    cstackBANK0  0039
_initActuadoresSegunMemoria$1571    cstackBANK0  003A
_initActuadoresSegunMemoria$1572    cstackBANK0  003B
_initYo                             text5        0E80
_init_ADC                           text14       0D28
_init_CCP1_PWM                      text13       0C4E
_init_I2C                           text12       0D10
_init_SPI                           text11       0BE1
_init_TMR0                          text10       0C1A
_init_TMR1                          text9        0C5F
_init_TMR2                          text8        0C70
_init_memoria                       text7        0C10
_init_uart                          text6        0D79
_leerMemoria                        text25       0D41
_leoADCHumedadTemp                  dataBANK0    004B
_los5msen15ms                       dataBANK0    0047
_los5msen1sT0                       dataBANK1    00C2
_main                               maintext     033D
_miLED                              dataBANK0    0056
_numLedes                           dataBANK0    0049
_pPWM                               bssBANK0     0065
_porcentaje                         bssBANK0     0063
_porcentajeMax                      dataBANK0    0052
_printf                             text1        0222
_putch                              text2        0C82
_reciboLED                          bssBANK0     005E
_reciboPWM                          bssBANK1     00B4
_ruidoMasAlto                       bssBANK0     005C
_setCO2                             text30       071E
_setLED                             text20       0FBD
_setLumen                           text29       076E
_setPWM                             text17       0DE7
_spi_write_read                     text23       0E4A
_valor                              bssBANK1     00A0
_valorI2C                           bssBANK1     00A6
_wait_MSSP                          text34       0BE5
analisisRuido@temp                  cstackBANK0  002B
btemp                               (abs)        007E
clear_ram0                          clrtext      0BED
cosasSPI@azu                        cstackBANK0  002F
cosasSPI@i                          cstackBANK0  0033
cosasSPI@lumi                       cstackBANK0  0030
cosasSPI@lumo                       cstackBANK0  0032
cosasSPI@roj                        cstackBANK0  0031
cosasSPI@verd                       cstackBANK0  002E
end_of_initialization               cinit        0046
escribirMemoria@confirmado          cstackBANK0  002B
escribirMemoria@contador            cstackBANK0  002E
escribirMemoria@dato                cstackBANK0  002A
escribirMemoria@direccion           cstackBANK0  002D
getnoPrimerArranque@aux             cstackBANK0  002A
i1___awdiv                          text40       0592
i1___awdiv@counter                  cstackCOMMON 0075
i1___awdiv@dividend                 cstackCOMMON 0072
i1___awdiv@divisor                  cstackCOMMON 0070
i1___awdiv@quotient                 cstackCOMMON 0077
i1___awdiv@sign                     cstackCOMMON 0076
i1___bmul                           text39       0CCE
i1___bmul@multiplicand              cstackCOMMON 0070
i1___bmul@multiplier                cstackCOMMON 0073
i1___bmul@product                   cstackCOMMON 0072
i1_cosasSPI                         text44       065E
i1_escribirMemoria                  text42       05F9
i1_leerMemoria                      text43       0CE3
i1_setLED                           text41       0F37
i1_setPWM                           text38       0DBA
i1_spi_write_read                   text45       0E16
i1cosasSPI@azu                      cstackCOMMON 0076
i1cosasSPI@i                        cstackCOMMON 007A
i1cosasSPI@lumi                     cstackCOMMON 0077
i1cosasSPI@lumo                     cstackCOMMON 0079
i1cosasSPI@roj                      cstackCOMMON 0078
i1cosasSPI@verd                     cstackCOMMON 0075
i1escribirMemoria@confirmado        cstackCOMMON 0072
i1escribirMemoria@contador          cstackCOMMON 0075
i1escribirMemoria@dato              cstackCOMMON 0071
i1escribirMemoria@direccion         cstackCOMMON 0074
i1leerMemoria@direccion             cstackCOMMON 0070
i1setLED@blue                       cstackBANK0  0021
i1setLED@green                      cstackBANK0  0020
i1setLED@luminosidad                cstackBANK0  0022
i1setLED@red                        cstackCOMMON 007C
i1setPWM@porcent                    cstackCOMMON 007B
i1spi_write_read@answer             cstackCOMMON 0073
i1spi_write_read@one_byte           cstackCOMMON 0072
i1spi_write_read@x                  cstackCOMMON 0074
i2c_read@I2C_data                   cstackBANK0  002A
i2c_read@master_ack                 cstackBANK0  0029
i2c_write@I2C_data                  cstackBANK0  0029
init_fetch0                         inittext     0C94
init_ram0                           inittext     0C98
interrupt_function                  intentry     0004
intlevel0                           functab      0000
intlevel1                           functab      0000
intlevel2                           functab      0000
intlevel3                           functab      0000
intlevel4                           functab      0000
intlevel5                           functab      0000
leerMemoria@direccion               cstackBANK0  0029
main@ruidoAux                       cstackBANK0  0046
printf@ap                           cstackBANK1  00CF
printf@c                            cstackBANK1  00D2
printf@f                            cstackBANK1  00CD
printf@flag                         cstackBANK1  00CC
printf@prec                         cstackBANK1  00CE
printf@val                          cstackBANK1  00D0
putch@c                             cstackBANK0  0029
reset_vec                           reset_vec    0000
saved_w                             (abs)        007E
setLED@blue                         cstackBANK0  0036
setLED@green                        cstackBANK0  0035
setLED@luminosidad                  cstackBANK0  0037
setLED@red                          cstackBANK0  0038
setPWM@porcent                      cstackBANK0  0034
spi_write_read@answer               cstackBANK0  002C
spi_write_read@one_byte             cstackBANK0  002B
spi_write_read@x                    cstackBANK0  002D
start                               init         0012
start_initialization                cinit        0015
wtemp0                              (abs)        007E


MODULE INFORMATION

Module		Function		Class		Link	Load	Size
spi-master-v1.c
		_spi_write_read		CODE           	0E4A	0000	54

spi-master-v1.c estimated size: 54

C:\Program Files\Microchip\xc8\v2.40\pic\sources\c90\common\Umul8.c
		___bmul        		CODE           	0CF9	0000	23

C:\Program Files\Microchip\xc8\v2.40\pic\sources\c90\common\Umul8.c estimated size: 23

C:\Program Files\Microchip\xc8\v2.40\pic\sources\c90\common\awdiv.c
		___awdiv       		CODE           	0529	0000	105

C:\Program Files\Microchip\xc8\v2.40\pic\sources\c90\common\awdiv.c estimated size: 105

C:\Program Files\Microchip\xc8\v2.40\pic\sources\c90\common\doprnt.c
		_printf        		CODE           	0222	0000	283

C:\Program Files\Microchip\xc8\v2.40\pic\sources\c90\common\doprnt.c estimated size: 283

C:\Program Files\Microchip\xc8\v2.40\pic\sources\c90\common\lwmod.c
		___lwmod       		CODE           	0EBC	0000	60

C:\Program Files\Microchip\xc8\v2.40\pic\sources\c90\common\lwmod.c estimated size: 60

shared
		__stringtab    		STRING         	044B	0000	6
		_dpowers       		STRING         	0451	0000	10
		i1___awdiv     		CODE           	0592	0000	103
		__initialization		CODE           	0015	0000	49
		i1_escribirMemoria		CODE           	05F9	0000	101
		i1_setPWM      		CODE           	0DBA	0000	45
		i1_leerMemoria 		CODE           	0CE3	0000	22
		i1_cosasSPI    		CODE           	065E	0000	98
		i1___bmul      		CODE           	0CCE	0000	21
		i1_setLED      		CODE           	0F37	0000	67
		i1_spi_write_read		CODE           	0E16	0000	52

shared estimated size: 574

i2c-v2.c
		_i2c_start     		CODE           	0C07	0000	9
		_i2c_write     		CODE           	0C40	0000	14
		_i2c_rstart    		CODE           	0BF5	0000	9
		_i2c_stop      		CODE           	0BFE	0000	9
		_i2c_read      		CODE           	0D95	0000	37
		_wait_MSSP     		CODE           	0BE5	0000	8

i2c-v2.c estimated size: 86

main.c
		_setCO2        		CODE           	071E	0000	80
		_getnoPrimerArranque		CODE           	0D5D	0000	28
		_setLumen      		CODE           	076E	0000	75
		_cosasSPI      		CODE           	04BD	0000	108
		_putch         		CODE           	0C82	0000	18
		_escribirMemoria		CODE           	03D8	0000	115
		_setLED        		CODE           	0FBD	0000	67
		_init_TMR0     		CODE           	0C1A	0000	12
		_init_TMR1     		CODE           	0C5F	0000	17
		_init_TMR2     		CODE           	0C70	0000	18
		_main          		CODE           	033D	0000	155
		_initActuadoresSegunMemoria		CODE           	06C0	0000	94
		_init_uart     		CODE           	0D79	0000	28
		_init_memoria  		CODE           	0C10	0000	10
		_init_ADC      		CODE           	0D28	0000	25
		_initYo        		CODE           	0E80	0000	60
		_leerMemoria   		CODE           	0D41	0000	28
		_init_CCP1_PWM 		CODE           	0C4E	0000	17
		_setPWM        		CODE           	0DE7	0000	47
		_TRAT_INT      		CODE           	004A	0000	472
		_getCO2        		CODE           	0C26	0000	13
		_init_I2C      		CODE           	0D10	0000	24
		_analisisRuido 		CODE           	0F7A	0000	67
		_analisisResto 		CODE           	0EF8	0000	63
		_getLumen      		CODE           	0C33	0000	13
		_init_SPI      		CODE           	0BE1	0000	4

main.c estimated size: 1658

C:\Program Files\Microchip\xc8\v2.40\pic\sources\c90\common\lwdiv.c
		___lwdiv       		CODE           	07B9	0000	70

C:\Program Files\Microchip\xc8\v2.40\pic\sources\c90\common\lwdiv.c estimated size: 70

